<html>
<body>
<pre>
<h1>µVision Build Log</h1>
<h2>Tool Versions:</h2>
IDE-Version: µVision V5.21.1.0
Copyright (C) 2016 ARM Ltd and ARM Germany GmbH. All rights reserved.
License Information: Jake Greaves, Analog Devices, LIC=----
 
Tool Versions:
Toolchain:       MDK-Lite  Version: 5.21a
Toolchain Path:  E:\Keil_v5\ARM\ARMCC\Bin
C Compiler:      Armcc.exe V5.06 update 3 (build 300)
Assembler:       Armasm.exe V5.06 update 3 (build 300)
Linker/Locator:  ArmLink.exe V5.06 update 3 (build 300)
Library Manager: ArmAr.exe V5.06 update 3 (build 300)
Hex Converter:   FromElf.exe V5.06 update 3 (build 300)
CPU DLL:         SARMCM3.DLL V5.21a
Dialog DLL:      DARMCM1.DLL V1.14.0.0
Target DLL:      Segger\JL2CM3.dll V2.99.23.0
Dialog DLL:      TARMCM1.DLL V1.10.0.0
 
<h2>Project:</h2>
E:\users\jake\Documents\GitHub\BLE_Source_code\projects\target_apps\dsps\sps_device\Keil_5\sps_device.uvprojx
Project File Date:  10/23/2016

<h2>Output:</h2>
*** Using Compiler 'V5.06 update 3 (build 300)', folder: 'E:\Keil_v5\ARM\ARMCC\Bin'
Build target 'sps_device_580'
compiling uart_ext_wkup.c...
compiling arch_main.c...
compiling gpio.c...
..\..\..\..\..\sdk_580\sdk\platform\driver\gpio\gpio.c(119): warning:  #1215-D: #warning directive: "GPIO assignment checking is active! Deactivate before burning OTP..."
          #warning "GPIO assignment checking is active! Deactivate before burning OTP..."
..\..\..\..\..\sdk_580\sdk\platform\driver\gpio\gpio.c: 1 warning, 0 errors
compiling arch_system.c...
compiling user_periph_setup.c...
compiling app_default_handlers.c...
compiling rwble.c...
compiling uart_sps.c...
compiling user_sps_scheduler.c...
linking...
Program Size: Code=16156 RO-data=2424 RW-data=72 ZI-data=10200  
FromELF: creating hex file...
".\out_580\sps_device_580.axf" - 0 Error(s), 1 Warning(s).

<h2>Collection of Component include folders:</h2>
  E:\users\jake\Documents\GitHub\BLE_Source_code\projects\target_apps\dsps\sps_device\Keil_5\RTE
  E:\Keil_v5\ARM\PACK\ARM\CMSIS\4.5.0\Device\ARM\ARMCM0\Include

<h2>Collection of Component Files used:</h2>
Build Time Elapsed:  00:00:04
</pre>
</body>
</html>
