<html>
<body>
<pre>
<h1>µVision Build Log</h1>
<h2>Tool Versions:</h2>
IDE-Version: µVision V5.21.1.0
Copyright (C) 2016 ARM Ltd and ARM Germany GmbH. All rights reserved.
License Information: Jake Greaves, Analog Devices, LIC=----
 
Tool Versions:
Toolchain:       MDK-Lite  Version: 5.21a
Toolchain Path:  E:\Keil_v5\ARM\ARMCC\Bin
C Compiler:      Armcc.exe V5.06 update 3 (build 300)
Assembler:       Armasm.exe V5.06 update 3 (build 300)
Linker/Locator:  ArmLink.exe V5.06 update 3 (build 300)
Library Manager: ArmAr.exe V5.06 update 3 (build 300)
Hex Converter:   FromElf.exe V5.06 update 3 (build 300)
CPU DLL:         SARMCM3.DLL V5.21a
Dialog DLL:      DARMCM1.DLL V1.14.0.0
Target DLL:      Segger\JL2CM3.dll V2.99.23.0
Dialog DLL:      TARMCM1.DLL V1.10.0.0
 
<h2>Project:</h2>
E:\users\jake\Google Drive\Analog Devices - FYP\Bluetooth\DA1458x_DSPS Working\v_5.150.2\projects\target_apps\dsps\sps_device\Keil_5\sps_device.uvprojx
Project File Date:  12/16/2016

<h2>Output:</h2>
*** Using Compiler 'V5.06 update 3 (build 300)', folder: 'E:\Keil_v5\ARM\ARMCC\Bin'
Rebuild target 'sps_device_580'
assembling boot_vectors.s...
compiling hardfault_handler.c...
compiling system_ARMCM0.c...
compiling nmi_handler.c...
compiling arch_console.c...
compiling nvds.c...
compiling arch_sleep.c...
compiling arch_main.c...
compiling jump_table.c...
compiling wlan_coex.c...
compiling arch_patch.c...
compiling arch_system.c...
compiling syscntl.c...
compiling uart_ext_wkup.c...
compiling gpio.c...
..\..\..\..\..\sdk_580\sdk\platform\driver\gpio\gpio.c(119): warning:  #1215-D: #warning directive: "GPIO assignment checking is active! Deactivate before burning OTP..."
          #warning "GPIO assignment checking is active! Deactivate before burning OTP..."
..\..\..\..\..\sdk_580\sdk\platform\driver\gpio\gpio.c: 1 warning, 0 errors
compiling battery.c...
compiling adc.c...
compiling trng.c...
compiling systick.c...
compiling uart2.c...
compiling rf_580.c...
compiling rwble.c...
compiling rwip.c...
compiling gapm.c...
compiling prf_utils.c...
compiling attm_db_128.c...
compiling app_default_handlers.c...
compiling app_task.c...
compiling app.c...
compiling app_security.c...
compiling app_security_task.c...
compiling app_entry_point.c...
compiling app_msg_utils.c...
compiling app_easy_msg_utils.c...
compiling app_easy_security.c...
compiling app_easy_timer.c...
compiling user_periph_setup.c...
compiling uart_sps.c...
compiling sps_server.c...
compiling sps_server_task.c...
compiling user_sps_device.c...
compiling user_sps_scheduler.c...
compiling user_spss.c...
compiling user_spss_task.c...
compiling user_buffer.c...
linking...
Program Size: Code=16156 RO-data=2424 RW-data=72 ZI-data=10200  
FromELF: creating hex file...
".\out_580\sps_device_580.axf" - 0 Error(s), 1 Warning(s).

<h2>Collection of Component include folders:</h2>
  E:\users\jake\Google Drive\Analog Devices - FYP\Bluetooth\DA1458x_DSPS Working\v_5.150.2\projects\target_apps\dsps\sps_device\Keil_5\RTE
  E:\Keil_v5\ARM\PACK\ARM\CMSIS\5.0.0-Beta4\Device\ARM\ARMCM0\Include

<h2>Collection of Component Files used:</h2>
Build Time Elapsed:  00:00:10
</pre>
</body>
</html>
