Component: ARM Compiler 5.06 update 3 (build 300) Tool: armlink [4d35c9]

==============================================================================

Section Cross References

    boot_vectors.o(RESET) refers to boot_vectors.o(STACK) for __initial_sp
    boot_vectors.o(RESET) refers to boot_vectors.o(.text) for Reset_Handler
    boot_vectors.o(RESET) refers to systick.o(.text) for SysTick_Handler
    boot_vectors.o(RESET) refers to rwble.o(.text) for BLE_WAKEUP_LP_Handler
    boot_vectors.o(RESET) refers to uart_sps.o(.text) for UART_Handler
    boot_vectors.o(RESET) refers to uart2.o(.text) for UART2_Handler
    boot_vectors.o(RESET) refers to gpio.o(.text) for GPIO0_Handler
    boot_vectors.o(.text) refers to system_armcm0.o(.text) for SystemInit
    boot_vectors.o(.text) refers to entry.o(.ARM.Collect$$$$00000000) for __main
    boot_vectors.o(.text) refers to nmi_handler.o(.text) for NMI_HandlerC
    boot_vectors.o(.text) refers to hardfault_handler.o(.text) for HardFault_HandlerC
    boot_vectors.o(.text) refers to arch_patch.o(.text) for SVC_Handler_c
    nvds.o(.text) refers to nvds.o(retention_mem_area0) for retention_mem_area0
    arch_main.o(.text) refers to arch_system.o(.text) for system_init
    arch_main.o(.text) refers to user_sps_host.o(.text) for user_on_system_powered
    arch_main.o(.text) refers to rwip.o(.text) for rwip_sleep
    arch_main.o(.text) refers to jump_table.o(jump_table_mem_area) for jump_table_base
    arch_main.o(.text) refers to rwble.o(retention_mem_area0) for fine_hit
    arch_main.o(.constdata) refers to user_sps_host.o(.text) for user_on_init
    jump_table.o(jump_table_mem_area) refers to arch_main.o(.text) for main_func
    jump_table.o(jump_table_mem_area) refers to rf_580.o(.text) for rf_init_func
    jump_table.o(jump_table_mem_area) refers to prf_utils.o(.text) for prf_init_func
    jump_table.o(jump_table_mem_area) refers to arch_system.o(.text) for uart_flow_off_func
    jump_table.o(jump_table_mem_area) refers to rwble.o(.text) for lld_sleep_compensate_func_patched
    jump_table.o(jump_table_mem_area) refers to jump_table.o(heap_mem_area_not_ret) for rwip_heap_non_ret
    jump_table.o(jump_table_mem_area) refers to jump_table.o(heap_env_area) for rwip_heap_env_ret
    jump_table.o(jump_table_mem_area) refers to jump_table.o(heap_db_area) for rwip_heap_db_ret
    jump_table.o(jump_table_mem_area) refers to jump_table.o(heap_msg_area) for rwip_heap_msg_ret
    jump_table.o(jump_table_mem_area) refers to ke_task.obj(.text) for ke_task_init_func
    jump_table.o(jump_table_mem_area) refers to nvds.o(.text) for custom_nvds_get_func
    jump_table.o(jump_table_mem_area) refers to jump_table.o(.constdata) for LUT_CFG
    arch_sleep.o(.text) refers to arch_sleep.o(retention_mem_area0) for retention_mem_area0
    arch_sleep.o(.text) refers to arch_sleep.o(.text) for arch_set_deep_sleep
    arch_sleep.o(.text) refers to arch_sleep.o(retention_mem_area0) for retention_mem_area0
    arch_sleep.o(.text) refers to arch_sleep.o(.text) for arch_get_sleep_mode
    arch_sleep.o(.text) refers to arch_sleep.o(retention_mem_area0) for retention_mem_area0
    arch_sleep.o(.text) refers to arch_sleep.o(retention_mem_area0) for retention_mem_area0
    arch_sleep.o(.text) refers to arch_sleep.o(retention_mem_area0) for retention_mem_area0
    arch_sleep.o(.text) refers to rwble.o(retention_mem_area0) for arch_rwble_last_event
    arch_system.o(.text) refers to arch_system.o(retention_mem_area0) for retention_mem_area0
    arch_system.o(.text) refers to trng.o(.text) for trng_acquire
    arch_system.o(.text) refers to arch_sleep.o(.text) for arch_get_sleep_mode
    arch_system.o(.text) refers to gpio.o(.text) for GPIO_init
    arch_system.o(.text) refers to nvds.o(.text) for nvds_read_bdaddr_from_otp
    arch_system.o(.text) refers to user_periph_setup.o(.text) for periph_init
    arch_system.o(.text) refers to rf_580.o(.text) for iq_trim_from_otp
    arch_system.o(.text) refers to arch_patch.o(.text) for patch_llm_task
    arch_system.o(.text) refers to llc.obj(.text) for patch_llc_task
    arch_system.o(.text) refers to app.o(.text) for app_init
    arch_system.o(.text) refers to user_sps_host.o(.text) for user_on_init
    arch_system.o(.text) refers to arch_system.o(retention_mem_area0) for retention_mem_area0
    arch_system.o(.text) refers to arch_main.o(retention_mem_area0) for sys_startup_flag
    arch_system.o(.text) refers to arch_system.o(.data) for .data
    arch_system.o(.constdata) refers to user_sps_host.o(.text) for user_on_init
    arch_patch.o(.text) refers to arch_patch.o(.constdata) for .constdata
    arch_patch.o(.constdata) refers to arch_patch.o(.text) for my_lld_data_ind_handler
    arch_patch.o(.constdata) refers to arch_patch.o(.constdata) for my_llm_default_state
    arch_patch.o(.constdata) refers to arch_patch.o(.constdata) for my_llm_default_handler
    arch_patch.o(.constdata) refers to arch_patch.o(.text) for cmp_abs_time
[...]
    smpm_send_gen_rand_nb_req                0x0002ded1   Thumb Code     0  rom_symdef.txt ABSOLUTE
    smpm_check_addr_type                     0x0002dedf   Thumb Code     0  rom_symdef.txt ABSOLUTE
    gapc_init                                0x0002e269   Thumb Code     0  rom_symdef.txt ABSOLUTE
    gapc_con_create                          0x0002e2a5   Thumb Code     0  rom_symdef.txt ABSOLUTE
    gapc_con_cleanup                         0x0002e385   Thumb Code     0  rom_symdef.txt ABSOLUTE
    gapc_send_disconect_ind                  0x0002e395   Thumb Code     0  rom_symdef.txt ABSOLUTE
    gapc_get_conidx                          0x0002e3b7   Thumb Code     0  rom_symdef.txt ABSOLUTE
    gapc_get_conhdl                          0x0002e3e3   Thumb Code     0  rom_symdef.txt ABSOLUTE
    gapc_get_role                            0x0002e3f9   Thumb Code     0  rom_symdef.txt ABSOLUTE
    gapc_get_bdaddr                          0x0002e415   Thumb Code     0  rom_symdef.txt ABSOLUTE
    gapc_get_csrk                            0x0002e435   Thumb Code     0  rom_symdef.txt ABSOLUTE
    gapc_get_sign_counter                    0x0002e453   Thumb Code     0  rom_symdef.txt ABSOLUTE
    gapc_send_complete_evt                   0x0002e471   Thumb Code     0  rom_symdef.txt ABSOLUTE
    gapc_send_error_evt                      0x0002e4bd   Thumb Code     0  rom_symdef.txt ABSOLUTE
    gapc_is_sec_set                          0x0002e4df   Thumb Code     0  rom_symdef.txt ABSOLUTE
    gapc_get_enc_keysize                     0x0002e549   Thumb Code     0  rom_symdef.txt ABSOLUTE
    gapc_set_enc_keysize                     0x0002e561   Thumb Code     0  rom_symdef.txt ABSOLUTE
    gapc_link_encrypted                      0x0002e575   Thumb Code     0  rom_symdef.txt ABSOLUTE
    gapc_auth_set                            0x0002e58f   Thumb Code     0  rom_symdef.txt ABSOLUTE
    gapc_param_updata_sanity                 0x0002e67b   Thumb Code     0  rom_symdef.txt ABSOLUTE
    gapm_init                                0x0002f4f3   Thumb Code     0  rom_symdef.txt ABSOLUTE
    gapm_host_init                           0x0002f547   Thumb Code     0  rom_symdef.txt ABSOLUTE
    gapm_get_operation                       0x0002f56d   Thumb Code     0  rom_symdef.txt ABSOLUTE
    gapm_send_complete_evt                   0x0002f57f   Thumb Code     0  rom_symdef.txt ABSOLUTE
    gapm_send_error_evt                      0x0002f5b5   Thumb Code     0  rom_symdef.txt ABSOLUTE
    gapm_con_create                          0x0002f5d3   Thumb Code     0  rom_symdef.txt ABSOLUTE
    gapm_con_enable                          0x0002f631   Thumb Code     0  rom_symdef.txt ABSOLUTE
    gapm_con_cleanup                         0x0002f63d   Thumb Code     0  rom_symdef.txt ABSOLUTE
    gapm_get_privacy_flag                    0x00030c7f   Thumb Code     0  rom_symdef.txt ABSOLUTE
    gapm_set_recon_addr                      0x00030cab   Thumb Code     0  rom_symdef.txt ABSOLUTE
    gapm_adv_op_sanity                       0x00030cef   Thumb Code     0  rom_symdef.txt ABSOLUTE
    gapm_set_adv_mode                        0x00030e75   Thumb Code     0  rom_symdef.txt ABSOLUTE
    gapm_execute_adv_op                      0x00030e8d   Thumb Code     0  rom_symdef.txt ABSOLUTE
    gapm_scan_op_sanity                      0x00030fdd   Thumb Code     0  rom_symdef.txt ABSOLUTE
    gapm_set_scan_mode                       0x000310b5   Thumb Code     0  rom_symdef.txt ABSOLUTE
    gapm_execute_scan_op                     0x000310d1   Thumb Code     0  rom_symdef.txt ABSOLUTE
    gapm_connect_op_sanity                   0x00031175   Thumb Code     0  rom_symdef.txt ABSOLUTE
    gapm_execute_connect_op                  0x000312b9   Thumb Code     0  rom_symdef.txt ABSOLUTE
    gapm_get_role                            0x0003142d   Thumb Code     0  rom_symdef.txt ABSOLUTE
    gapm_get_recon_addr                      0x00031433   Thumb Code     0  rom_symdef.txt ABSOLUTE
    gapm_set_privacy_flag                    0x00031473   Thumb Code     0  rom_symdef.txt ABSOLUTE
    gapm_get_ad_type_flag                    0x0003149f   Thumb Code     0  rom_symdef.txt ABSOLUTE
    gapm_add_to_filter                       0x000314c5   Thumb Code     0  rom_symdef.txt ABSOLUTE
    gapm_is_filtered                         0x00031529   Thumb Code     0  rom_symdef.txt ABSOLUTE
    gapm_update_air_op_state                 0x0003157f   Thumb Code     0  rom_symdef.txt ABSOLUTE
    gapm_get_irk                             0x00031635   Thumb Code     0  rom_symdef.txt ABSOLUTE
    gapm_get_bdaddr                          0x0003163b   Thumb Code     0  rom_symdef.txt ABSOLUTE
    l2cc_pdu_pack                            0x0003164d   Thumb Code     0  rom_symdef.txt ABSOLUTE
    l2cc_pdu_unpack                          0x000318f3   Thumb Code     0  rom_symdef.txt ABSOLUTE
    l2cc_detect_dest                         0x00031b2d   Thumb Code     0  rom_symdef.txt ABSOLUTE
    smpc_check_param                         0x00031b95   Thumb Code     0  rom_symdef.txt ABSOLUTE
    ke_init                                  0x0003200d   Thumb Code     0  rom_symdef.txt ABSOLUTE
    ke_flush                                 0x00032039   Thumb Code     0  rom_symdef.txt ABSOLUTE
    ke_sleep_check                           0x00032079   Thumb Code     0  rom_symdef.txt ABSOLUTE
    ke_event_init                            0x00032091   Thumb Code     0  rom_symdef.txt ABSOLUTE
    ke_event_callback_set                    0x0003209d   Thumb Code     0  rom_symdef.txt ABSOLUTE
    ke_event_set                             0x000320b1   Thumb Code     0  rom_symdef.txt ABSOLUTE
    ke_event_clear                           0x000320dd   Thumb Code     0  rom_symdef.txt ABSOLUTE
    ke_event_get                             0x00032109   Thumb Code     0  rom_symdef.txt ABSOLUTE
    ke_event_get_all                         0x0003212f   Thumb Code     0  rom_symdef.txt ABSOLUTE
    ke_event_flush                           0x00032135   Thumb Code     0  rom_symdef.txt ABSOLUTE
    ke_event_schedule                        0x0003213d   Thumb Code     0  rom_symdef.txt ABSOLUTE
    ke_mem_init                              0x0003218d   Thumb Code     0  rom_symdef.txt ABSOLUTE
    ke_mem_is_empty                          0x000321d7   Thumb Code     0  rom_symdef.txt ABSOLUTE
    ke_malloc                                0x00032215   Thumb Code     0  rom_symdef.txt ABSOLUTE
    ke_free                                  0x000322d7   Thumb Code     0  rom_symdef.txt ABSOLUTE
    ke_msg_alloc                             0x000323b1   Thumb Code     0  rom_symdef.txt ABSOLUTE
    ke_msg_send                              0x000323e1   Thumb Code     0  rom_symdef.txt ABSOLUTE
    ke_msg_send_basic                        0x0003240d   Thumb Code     0  rom_symdef.txt ABSOLUTE
    ke_msg_forward                           0x0003241b   Thumb Code     0  rom_symdef.txt ABSOLUTE
    ke_msg_forward_new_id                    0x00032425   Thumb Code     0  rom_symdef.txt ABSOLUTE
    ke_msg_free                              0x00032435   Thumb Code     0  rom_symdef.txt ABSOLUTE
    ke_queue_extract                         0x00032441   Thumb Code     0  rom_symdef.txt ABSOLUTE
    ke_queue_insert                          0x0003247f   Thumb Code     0  rom_symdef.txt ABSOLUTE
    ke_task_init                             0x0003256d   Thumb Code     0  rom_symdef.txt ABSOLUTE
    ke_task_create                           0x00032587   Thumb Code     0  rom_symdef.txt ABSOLUTE
    ke_task_delete                           0x000325e1   Thumb Code     0  rom_symdef.txt ABSOLUTE
    ke_state_set                             0x00032631   Thumb Code     0  rom_symdef.txt ABSOLUTE
    ke_state_get                             0x000326b3   Thumb Code     0  rom_symdef.txt ABSOLUTE
    ke_msg_discard                           0x000326e3   Thumb Code     0  rom_symdef.txt ABSOLUTE
    ke_msg_save                              0x000326e7   Thumb Code     0  rom_symdef.txt ABSOLUTE
    ke_task_handler_get                      0x000326eb   Thumb Code     0  rom_symdef.txt ABSOLUTE
    ke_timer_init                            0x00032813   Thumb Code     0  rom_symdef.txt ABSOLUTE
    ke_timer_init_func                       0x00032819   Thumb Code     0  rom_symdef.txt ABSOLUTE
    ke_timer_set                             0x00032825   Thumb Code     0  rom_symdef.txt ABSOLUTE
    ke_timer_clear                           0x000328a5   Thumb Code     0  rom_symdef.txt ABSOLUTE
    ke_timer_active                          0x000328fb   Thumb Code     0  rom_symdef.txt ABSOLUTE
    ke_timer_sleep_check                     0x00032921   Thumb Code     0  rom_symdef.txt ABSOLUTE
    ke_time                                  0x0003297d   Thumb Code     0  rom_symdef.txt ABSOLUTE
    nvds_get                                 0x000329d1   Thumb Code     0  rom_symdef.txt ABSOLUTE
    nvds_get_func                            0x000329d7   Thumb Code     0  rom_symdef.txt ABSOLUTE
    nvds_init                                0x00032bcf   Thumb Code     0  rom_symdef.txt ABSOLUTE
    rwble_hl_init                            0x00032be5   Thumb Code     0  rom_symdef.txt ABSOLUTE
    rwble_hl_send_message                    0x00032c0b   Thumb Code     0  rom_symdef.txt ABSOLUTE
    ble_regs_push                            0x00032c0d   Thumb Code     0  rom_symdef.txt ABSOLUTE
    ble_regs_pop                             0x00032c65   Thumb Code     0  rom_symdef.txt ABSOLUTE
    rf_init                                  0x00032cbd   Thumb Code     0  rom_symdef.txt ABSOLUTE
    rf_reinit                                0x00032cc3   Thumb Code     0  rom_symdef.txt ABSOLUTE
    rwip_init                                0x00032ccb   Thumb Code     0  rom_symdef.txt ABSOLUTE
    rwip_reset                               0x00032d8d   Thumb Code     0  rom_symdef.txt ABSOLUTE
    rwip_version                             0x00032db9   Thumb Code     0  rom_symdef.txt ABSOLUTE
    rwip_prevent_sleep_get                   0x00032dc1   Thumb Code     0  rom_symdef.txt ABSOLUTE
    rwip_schedule                            0x00032dc9   Thumb Code     0  rom_symdef.txt ABSOLUTE
    rwip_prevent_sleep_set                   0x00032eb7   Thumb Code     0  rom_symdef.txt ABSOLUTE
    rwip_wakeup                              0x00032edb   Thumb Code     0  rom_symdef.txt ABSOLUTE
    rwip_prevent_sleep_clear                 0x00032eed   Thumb Code     0  rom_symdef.txt ABSOLUTE
    rwip_wakeup_end                          0x00032f11   Thumb Code     0  rom_symdef.txt ABSOLUTE
    rwip_wakeup_delay_set                    0x00032f2f   Thumb Code     0  rom_symdef.txt ABSOLUTE
    rwip_sleep_enable                        0x00032f3f   Thumb Code     0  rom_symdef.txt ABSOLUTE
    rwip_ext_wakeup_enable                   0x00032f47   Thumb Code     0  rom_symdef.txt ABSOLUTE
    rwble_init                               0x00032f71   Thumb Code     0  rom_symdef.txt ABSOLUTE
    rwble_reset                              0x00032fd5   Thumb Code     0  rom_symdef.txt ABSOLUTE
    rwble_version                            0x00033003   Thumb Code     0  rom_symdef.txt ABSOLUTE
    rwble_get_clock                          0x0003302d   Thumb Code     0  rom_symdef.txt ABSOLUTE
    $Super$$BLE_FINETGTIM_Handler            0x00033105   Thumb Code     0  rom_symdef.txt ABSOLUTE
    BLE_GROSSTGTIM_Handler                   0x0003310d   Thumb Code     0  rom_symdef.txt ABSOLUTE
    $Super$$BLE_CSCNT_Handler                0x00033115   Thumb Code     0  rom_symdef.txt ABSOLUTE
    BLE_ERROR_Handler                        0x0003318d   Thumb Code     0  rom_symdef.txt ABSOLUTE
    BLE_CRYPT_Handler                        0x000331ad   Thumb Code     0  rom_symdef.txt ABSOLUTE
    func_check_mem                           0x000331eb   Thumb Code     0  rom_symdef.txt ABSOLUTE
    test_rxdone                              0x0003323d   Thumb Code     0  rom_symdef.txt ABSOLUTE
    prf_create                               0x000339fd   Thumb Code     0  rom_symdef.txt ABSOLUTE
    prf_init                                 0x00033a23   Thumb Code     0  rom_symdef.txt ABSOLUTE
    prf_cleanup                              0x00033a2b   Thumb Code     0  rom_symdef.txt ABSOLUTE
    __aeabi_uidiv                            0x00033aa7   Thumb Code     0  rom_symdef.txt ABSOLUTE
    __aeabi_uidivmod                         0x00033aa7   Thumb Code     0  rom_symdef.txt ABSOLUTE
    __aeabi_idiv                             0x00033ad3   Thumb Code     0  rom_symdef.txt ABSOLUTE
    __aeabi_idivmod                          0x00033ad3   Thumb Code     0  rom_symdef.txt ABSOLUTE
    rand                                     0x00033afd   Thumb Code     0  rom_symdef.txt ABSOLUTE
    srand                                    0x00033b0f   Thumb Code     0  rom_symdef.txt ABSOLUTE
    __aeabi_memcpy                           0x00033b21   Thumb Code     0  rom_symdef.txt ABSOLUTE
    __aeabi_memcpy4                          0x00033b21   Thumb Code     0  rom_symdef.txt ABSOLUTE
    __aeabi_memcpy8                          0x00033b21   Thumb Code     0  rom_symdef.txt ABSOLUTE
    __aeabi_memset                           0x00033b45   Thumb Code     0  rom_symdef.txt ABSOLUTE
    __aeabi_memset4                          0x00033b45   Thumb Code     0  rom_symdef.txt ABSOLUTE
    __aeabi_memset8                          0x00033b45   Thumb Code     0  rom_symdef.txt ABSOLUTE
    __aeabi_memclr                           0x00033b53   Thumb Code     0  rom_symdef.txt ABSOLUTE
    __aeabi_memclr4                          0x00033b53   Thumb Code     0  rom_symdef.txt ABSOLUTE
    __aeabi_memclr8                          0x00033b53   Thumb Code     0  rom_symdef.txt ABSOLUTE
    _memset$wrapper                          0x00033b57   Thumb Code     0  rom_symdef.txt ABSOLUTE
    strlen                                   0x00033b69   Thumb Code     0  rom_symdef.txt ABSOLUTE
    memcmp                                   0x00033b77   Thumb Code     0  rom_symdef.txt ABSOLUTE
    __aeabi_dmul                             0x00033b91   Thumb Code     0  rom_symdef.txt ABSOLUTE
    __aeabi_i2d                              0x00033c61   Thumb Code     0  rom_symdef.txt ABSOLUTE
    __aeabi_ui2d                             0x00033c89   Thumb Code     0  rom_symdef.txt ABSOLUTE
    __aeabi_cdcmpeq                          0x00033ca5   Thumb Code     0  rom_symdef.txt ABSOLUTE
    __aeabi_cdcmple                          0x00033ca5   Thumb Code     0  rom_symdef.txt ABSOLUTE
    __I$use$fp                               0x00033ccd   Thumb Code     0  rom_symdef.txt ABSOLUTE
    _double_round                            0x00033ccd   Thumb Code     0  rom_symdef.txt ABSOLUTE
    _double_epilogue                         0x00033ce7   Thumb Code     0  rom_symdef.txt ABSOLUTE
    __aeabi_llsl                             0x00033d8d   Thumb Code     0  rom_symdef.txt ABSOLUTE
    _ll_shift_l                              0x00033d8d   Thumb Code     0  rom_symdef.txt ABSOLUTE
    __aeabi_llsr                             0x00033dad   Thumb Code     0  rom_symdef.txt ABSOLUTE
    _ll_ushift_r                             0x00033dad   Thumb Code     0  rom_symdef.txt ABSOLUTE
    __ARM_clz                                0x00033dcf   Thumb Code     0  rom_symdef.txt ABSOLUTE
    __ARM_common_switch8                     0x00033dfd   Thumb Code     0  rom_symdef.txt ABSOLUTE
    uart_api                                 0x00033e18   Data           0  rom_symdef.txt ABSOLUTE
    co_sca2ppm                               0x00033e28   Data           0  rom_symdef.txt ABSOLUTE
    co_null_bdaddr                           0x00033e38   Data           0  rom_symdef.txt ABSOLUTE
    co_default_bdaddr                        0x00033e3e   Data           0  rom_symdef.txt ABSOLUTE
    dbg_default_handler                      0x00033f14   Data           0  rom_symdef.txt ABSOLUTE
    llc_default_state                        0x00033fac   Data           0  rom_symdef.txt ABSOLUTE
    llc_state_handler                        0x000340dc   Data           0  rom_symdef.txt ABSOLUTE
    llc_default_handler                      0x0003418c   Data           0  rom_symdef.txt ABSOLUTE
    llm_local_cmds                           0x000341bc   Data           0  rom_symdef.txt ABSOLUTE
    llm_local_le_feats                       0x000341fc   Data           0  rom_symdef.txt ABSOLUTE
    llm_local_le_states                      0x00034204   Data           0  rom_symdef.txt ABSOLUTE
    llm_default_state                        0x00034224   Data           0  rom_symdef.txt ABSOLUTE
    llm_state_handler                        0x00034354   Data           0  rom_symdef.txt ABSOLUTE
    llm_default_handler                      0x00034384   Data           0  rom_symdef.txt ABSOLUTE
    LLM_AA_CT1                               0x0003438c   Data           0  rom_symdef.txt ABSOLUTE
    LLM_AA_CT2                               0x0003438f   Data           0  rom_symdef.txt ABSOLUTE
    gtl_default_state                        0x000343a4   Data           0  rom_symdef.txt ABSOLUTE
    gtl_default_handler                      0x000343bc   Data           0  rom_symdef.txt ABSOLUTE
    attc_default_state                       0x000343d8   Data           0  rom_symdef.txt ABSOLUTE
    attc_state_handler                       0x000343f8   Data           0  rom_symdef.txt ABSOLUTE
    attc_default_handler                     0x00034410   Data           0  rom_symdef.txt ABSOLUTE
    attm_default_state                       0x00034428   Data           0  rom_symdef.txt ABSOLUTE
    attm_state_handler                       0x00034480   Data           0  rom_symdef.txt ABSOLUTE
    attm_default_handler                     0x00034488   Data           0  rom_symdef.txt ABSOLUTE
    atts_default_state                       0x000344a0   Data           0  rom_symdef.txt ABSOLUTE
    atts_state_handler                       0x000344d0   Data           0  rom_symdef.txt ABSOLUTE
    atts_default_handler                     0x000344f8   Data           0  rom_symdef.txt ABSOLUTE
    gattc_default_state                      0x00034510   Data           0  rom_symdef.txt ABSOLUTE
    gattc_state_handler                      0x00034598   Data           0  rom_symdef.txt ABSOLUTE
    gattc_default_handler                    0x000345b0   Data           0  rom_symdef.txt ABSOLUTE
    gattm_default_state                      0x00034604   Data           0  rom_symdef.txt ABSOLUTE
    gattm_state_handler                      0x00034614   Data           0  rom_symdef.txt ABSOLUTE
    gattm_default_handler                    0x00034624   Data           0  rom_symdef.txt ABSOLUTE
    l2cc_default_state                       0x0003463c   Data           0  rom_symdef.txt ABSOLUTE
    l2cc_state_handler                       0x00034654   Data           0  rom_symdef.txt ABSOLUTE
    l2cc_default_handler                     0x0003466c   Data           0  rom_symdef.txt ABSOLUTE
    l2cm_default_state                       0x00034684   Data           0  rom_symdef.txt ABSOLUTE
    l2cm_state_handler                       0x0003468c   Data           0  rom_symdef.txt ABSOLUTE
    l2cm_default_handler                     0x00034694   Data           0  rom_symdef.txt ABSOLUTE
    smpc_default_state                       0x000346c8   Data           0  rom_symdef.txt ABSOLUTE
    smpc_state_handler                       0x00034760   Data           0  rom_symdef.txt ABSOLUTE
    smpc_default_handler                     0x00034780   Data           0  rom_symdef.txt ABSOLUTE
    smpm_default_state                       0x00034798   Data           0  rom_symdef.txt ABSOLUTE
    smpm_state_handler                       0x000347d0   Data           0  rom_symdef.txt ABSOLUTE
    smpm_default_handler                     0x000347e0   Data           0  rom_symdef.txt ABSOLUTE
    gapc_default_state                       0x000347f8   Data           0  rom_symdef.txt ABSOLUTE
    gapc_state_handler                       0x00034910   Data           0  rom_symdef.txt ABSOLUTE
    gapc_default_handler                     0x00034928   Data           0  rom_symdef.txt ABSOLUTE
    gapm_default_state                       0x000349ec   Data           0  rom_symdef.txt ABSOLUTE
    gapm_state_handler                       0x00034b94   Data           0  rom_symdef.txt ABSOLUTE
    gapm_default_handler                     0x00034bbc   Data           0  rom_symdef.txt ABSOLUTE
    smpc_construct_pdu                       0x00034ce8   Data           0  rom_symdef.txt ABSOLUTE
    smpc_recv_pdu                            0x00034d18   Data           0  rom_symdef.txt ABSOLUTE
    dummy                                    0x00080000   Data           0  rom_symdef.txt ABSOLUTE
    sleep_env                                0x00080254   Data           0  rom_symdef.txt ABSOLUTE
    iq_trim_bias_ctrl1_reg                   0x00080256   Data           0  rom_symdef.txt ABSOLUTE
    co_buf_env                               0x00080258   Data           0  rom_symdef.txt ABSOLUTE
    dbg_state                                0x00080348   Data           0  rom_symdef.txt ABSOLUTE
    iq_trim_rf_mixer_ctrl1_reg               0x0008034a   Data           0  rom_symdef.txt ABSOLUTE
    llc_env                                  0x0008034c   Data           0  rom_symdef.txt ABSOLUTE
    llc_state                                0x00080364   Data           0  rom_symdef.txt ABSOLUTE
    ret_winsize_var                          0x0008036a   Data           0  rom_symdef.txt ABSOLUTE
    lld_evt_env                              0x0008036c   Data           0  rom_symdef.txt ABSOLUTE
    lld_sleep_env                            0x0008038c   Data           0  rom_symdef.txt ABSOLUTE
    llm_le_env                               0x00080390   Data           0  rom_symdef.txt ABSOLUTE
    llm_le_env_lpus                          0x000803e4   Data           0  rom_symdef.txt ABSOLUTE
    llm_bt_env                               0x0008042a   Data           0  rom_symdef.txt ABSOLUTE
    llm_state                                0x00080432   Data           0  rom_symdef.txt ABSOLUTE
    uart_env                                 0x00080434   Data           0  rom_symdef.txt ABSOLUTE
    vcocal_ctrl_reg_val                      0x00080452   Data           0  rom_symdef.txt ABSOLUTE
    last_temp_count                          0x00080478   Data           0  rom_symdef.txt ABSOLUTE
    last_temp_time                           0x0008047c   Data           0  rom_symdef.txt ABSOLUTE
    gtl_env                                  0x00080480   Data           0  rom_symdef.txt ABSOLUTE
    gtl_state                                0x000804a4   Data           0  rom_symdef.txt ABSOLUTE
    attc_state                               0x000804a5   Data           0  rom_symdef.txt ABSOLUTE
    attm_env                                 0x000804ac   Data           0  rom_symdef.txt ABSOLUTE
    attm_state                               0x000804b4   Data           0  rom_symdef.txt ABSOLUTE
    atts_env                                 0x000804b8   Data           0  rom_symdef.txt ABSOLUTE
    atts_state                               0x000804d0   Data           0  rom_symdef.txt ABSOLUTE
    gattc_env                                0x000804d8   Data           0  rom_symdef.txt ABSOLUTE
    gattc_state                              0x000804f0   Data           0  rom_symdef.txt ABSOLUTE
    gattm_env                                0x000804f6   Data           0  rom_symdef.txt ABSOLUTE
    gattm_state                              0x000804fc   Data           0  rom_symdef.txt ABSOLUTE
    l2cc_env                                 0x00080500   Data           0  rom_symdef.txt ABSOLUTE
    l2cc_state                               0x00080518   Data           0  rom_symdef.txt ABSOLUTE
    l2cm_env                                 0x0008051e   Data           0  rom_symdef.txt ABSOLUTE
    l2cm_state                               0x00080524   Data           0  rom_symdef.txt ABSOLUTE
    smpc_env                                 0x00080528   Data           0  rom_symdef.txt ABSOLUTE
    smpc_state                               0x00080540   Data           0  rom_symdef.txt ABSOLUTE
    smpm_env                                 0x00080548   Data           0  rom_symdef.txt ABSOLUTE
    smpm_state                               0x00080550   Data           0  rom_symdef.txt ABSOLUTE
    gapc_env                                 0x00080554   Data           0  rom_symdef.txt ABSOLUTE
    gapc_state                               0x0008056c   Data           0  rom_symdef.txt ABSOLUTE
    gap_cfg_table                            0x00080574   Data           0  rom_symdef.txt ABSOLUTE
    gapm_env                                 0x00080578   Data           0  rom_symdef.txt ABSOLUTE
    gapm_state                               0x000805a4   Data           0  rom_symdef.txt ABSOLUTE
    ke_env                                   0x000805a8   Data           0  rom_symdef.txt ABSOLUTE
    ke_task_env                              0x00080604   Data           0  rom_symdef.txt ABSOLUTE
    nvds_data_ptr                            0x000806c0   Data           0  rom_symdef.txt ABSOLUTE
    func_check_mem_flag                      0x000806c4   Data           0  rom_symdef.txt ABSOLUTE
    ke_mem_heaps_used                        0x000806c5   Data           0  rom_symdef.txt ABSOLUTE
    rwip_env                                 0x000806c6   Data           0  rom_symdef.txt ABSOLUTE
    ble_reg_save                             0x000806cc   Data           0  rom_symdef.txt ABSOLUTE
    rwip_rf                                  0x0008071c   Data           0  rom_symdef.txt ABSOLUTE
    rwip_heap_db_ret                         0x00080768   Data        1536  jump_table.o(heap_db_area)
    rwip_heap_env_ret                        0x00080d68   Data         668  jump_table.o(heap_env_area)
    rwip_heap_msg_ret                        0x00081004   Data        2060  jump_table.o(heap_msg_area)
    descript                                 0x00082a20   Data        1502  arch_main.o(BLE_exchange_memory)
    __Vectors                                0x20000000   Data           4  boot_vectors.o(RESET)
    __Vectors_End                            0x200000a0   Data           0  boot_vectors.o(RESET)
    jump_table_base                          0x20000160   Data         352  jump_table.o(jump_table_mem_area)
    gap_timeout_table                        0x200002c0   Data         100  gapm.o(timeout_table_area)
    nvds_data_storage                        0x20000340   Data         164  nvds.o(nvds_data_storage_area)
    __main                                   0x20000441   Thumb Code     0  entry.o(.ARM.Collect$$$$00000000)
    _main_stk                                0x20000441   Thumb Code     0  entry2.o(.ARM.Collect$$$$00000001)
    _main_scatterload                        0x20000445   Thumb Code     0  entry5.o(.ARM.Collect$$$$00000004)
    __main_after_scatterload                 0x20000449   Thumb Code     0  entry5.o(.ARM.Collect$$$$00000004)
    _main_clock                              0x20000449   Thumb Code     0  entry7b.o(.ARM.Collect$$$$00000008)
    _main_cpp_init                           0x20000449   Thumb Code     0  entry8b.o(.ARM.Collect$$$$0000000A)
    _main_init                               0x20000449   Thumb Code     0  entry9a.o(.ARM.Collect$$$$0000000B)
    __rt_final_cpp                           0x20000451   Thumb Code     0  entry10a.o(.ARM.Collect$$$$0000000D)
    __rt_final_exit                          0x20000451   Thumb Code     0  entry11a.o(.ARM.Collect$$$$0000000F)
    SystemInit                               0x20000455   Thumb Code    62  system_armcm0.o(.text)
    Reset_Handler                            0x200004a5   Thumb Code     8  boot_vectors.o(.text)
    PendSV_Handler                           0x200004f5   Thumb Code     2  boot_vectors.o(.text)
    ADC_Handler                              0x200004f9   Thumb Code     0  boot_vectors.o(.text)
    I2C_Handler                              0x200004f9   Thumb Code     0  boot_vectors.o(.text)
    KEYBRD_Handler                           0x200004f9   Thumb Code     0  boot_vectors.o(.text)
    RFCAL_Handler                            0x200004f9   Thumb Code     0  boot_vectors.o(.text)
    SPI_Handler                              0x200004f9   Thumb Code     0  boot_vectors.o(.text)
    SWTIM_Handler                            0x200004f9   Thumb Code     0  boot_vectors.o(.text)
    WKUP_QUADEC_Handler                      0x200004f9   Thumb Code     0  boot_vectors.o(.text)
    HardFault_HandlerC                       0x20000511   Thumb Code    86  hardfault_handler.o(.text)
    NMI_HandlerC                             0x20000571   Thumb Code   140  nmi_handler.o(.text)
    custom_nvds_get_func                     0x2000060d   Thumb Code   106  nvds.o(.text)
    nvds_read_bdaddr_from_otp                0x20000677   Thumb Code    50  nvds.o(.text)
    main_func                                0x200006c5   Thumb Code   148  arch_main.o(.text)
    dummyf                                   0x2000088d   Thumb Code     2  jump_table.o(.text)
    arch_disable_sleep                       0x20000891   Thumb Code    26  arch_sleep.o(.text)
    arch_set_extended_sleep                  0x200008ab   Thumb Code    26  arch_sleep.o(.text)
    arch_set_deep_sleep                      0x200008c5   Thumb Code    30  arch_sleep.o(.text)
    arch_set_sleep_mode                      0x200008e3   Thumb Code    20  arch_sleep.o(.text)
    arch_get_sleep_mode                      0x200008f7   Thumb Code    26  arch_sleep.o(.text)
    arch_ble_ext_wakeup_get                  0x20000911   Thumb Code     6  arch_sleep.o(.text)
    arch_ble_force_wakeup                    0x20000917   Thumb Code    46  arch_sleep.o(.text)
    arch_set_pxact_gpio                      0x20000a19   Thumb Code    24  arch_system.o(.text)
    set_sleep_delay                          0x20000a31   Thumb Code    10  arch_system.o(.text)
    get_rc16m_count_func                     0x20000a3b   Thumb Code    28  arch_system.o(.text)
    conditionally_run_radio_cals             0x20000a57   Thumb Code   110  arch_system.o(.text)
    lld_sleep_us_2_lpcycles_sel_func         0x20000ac5   Thumb Code    10  arch_system.o(.text)
    lld_sleep_lpcycles_2_us_sel_func         0x20000acf   Thumb Code    10  arch_system.o(.text)
    uart_flow_off_func                       0x20000ad9   Thumb Code    58  arch_system.o(.text)
    init_rand_seed_from_trng                 0x20000b13   Thumb Code    16  arch_system.o(.text)
    check_sys_startup_period                 0x20000b23   Thumb Code    90  arch_system.o(.text)
    app_use_lower_clocks_check               0x20000b7d   Thumb Code     4  arch_system.o(.text)
    lld_sleep_init_func                      0x20000b81   Thumb Code    26  arch_system.o(.text)
    system_init                              0x20000b9b   Thumb Code   178  arch_system.o(.text)
    wrap_platform_reset                      0x20000c4d   Thumb Code    16  arch_system.o(.text)
    patch_llm_task                           0x20000d2b   Thumb Code    36  arch_patch.o(.text)
    SVC_Handler_c                            0x20000d65   Thumb Code    24  arch_patch.o(.text)
    patch_func                               0x20000d7d   Thumb Code    88  arch_patch.o(.text)
    l2cc_pdu_recv_ind_handler                0x20000e29   Thumb Code   232  atts_task.obj(.text)
    my_llc_con_update_req_ind                0x20000f15   Thumb Code   100  ch_map.obj(.text)
    my_llc_ch_map_req_ind                    0x20000f79   Thumb Code    84  ch_map.obj(.text)
    patched_gapm_adv_op_sanity               0x20000fd9   Thumb Code   208  gapm_util.obj(.text)
    ke_task_init_func                        0x200011eb   Thumb Code    20  ke_task.obj(.text)
    my_smpc_check_param                      0x20001211   Thumb Code   122  smpc.obj(.text)
    smpc_send_pairing_req_ind                0x2000128b   Thumb Code   190  smpc.obj(.text)
    smpc_check_pairing_feat                  0x20001349   Thumb Code    26  smpc.obj(.text)
    smpc_pairing_cfm_handler                 0x2000136d   Thumb Code   528  smpc_task.obj(.text)
    my_llcp_con_up_req_handler               0x2000159f   Thumb Code    86  llc.obj(.text)
    my_llc_start_enc_rsp_ind                 0x200016ab   Thumb Code   158  llc.obj(.text)
    patch_llc_task                           0x200017c1   Thumb Code    36  llc.obj(.text)
    syscntl_use_lowest_amba_clocks           0x200017fd   Thumb Code    22  syscntl.o(.text)
    syscntl_use_highest_amba_clocks          0x20001813   Thumb Code    22  syscntl.o(.text)
    GPIO_init                                0x20001829   Thumb Code   140  gpio.o(.text)
    GPIO_SetPinFunction                      0x200018b5   Thumb Code    66  gpio.o(.text)
    GPIO_SetInactive                         0x200018f7   Thumb Code    60  gpio.o(.text)
    GPIO_SetActive                           0x20001933   Thumb Code    60  gpio.o(.text)
    GPIO_ConfigurePin                        0x2000196f   Thumb Code    80  gpio.o(.text)
    GPIO_ResetIRQ                            0x200019bf   Thumb Code    32  gpio.o(.text)
    GPIOn_Handler                            0x200019df   Thumb Code    50  gpio.o(.text)
    GPIO0_Handler                            0x20001a11   Thumb Code     4  gpio.o(.text)
    GPIO1_Handler                            0x20001a15   Thumb Code     4  gpio.o(.text)
    GPIO2_Handler                            0x20001a19   Thumb Code     4  gpio.o(.text)
    GPIO3_Handler                            0x20001a1d   Thumb Code     4  gpio.o(.text)
    GPIO4_Handler                            0x20001a21   Thumb Code     4  gpio.o(.text)
    GPIO_GetPinStatus                        0x20001a59   Thumb Code    64  gpio.o(.text)
    GPIO_EnableIRQ                           0x20001aa1   Thumb Code   258  gpio.o(.text)
    GPIO_RegisterCallback                    0x20001bbd   Thumb Code    20  gpio.o(.text)
    adc_init                                 0x20001bd5   Thumb Code    28  adc.o(.text)
    adc_enable_channel                       0x20001bf1   Thumb Code    20  adc.o(.text)
    adc_get_sample                           0x20001c05   Thumb Code    30  adc.o(.text)
    adc_usDelay                              0x20001c23   Thumb Code    30  adc.o(.text)
    adc_get_vbat_sample                      0x20001c41   Thumb Code    86  adc.o(.text)
    rfpt_init                                0x20001ca5   Thumb Code    76  trng.o(.text)
    trng_init                                0x20001cf1   Thumb Code    96  trng.o(.text)
    trng_get_raw_data                        0x20001d51   Thumb Code    18  trng.o(.text)
    trng_acquire                             0x20001d63   Thumb Code   214  trng.o(.text)
    SysTick_Handler                          0x20001e59   Thumb Code    12  systick.o(.text)
    UART2_Handler                            0x20001eaf   Thumb Code    82  uart2.o(.text)
    iq_trim_from_otp                         0x20001f45   Thumb Code    54  rf_580.o(.text)
    rf_reg_rd                                0x20001f7b   Thumb Code     4  rf_580.o(.text)
    rf_reg_wr                                0x20001f7f   Thumb Code     2  rf_580.o(.text)
    rf_reset                                 0x20001f81   Thumb Code     2  rf_580.o(.text)
    rf_force_agc_enable                      0x20001f83   Thumb Code     2  rf_580.o(.text)
    rf_txpwr_dbm_get                         0x20001f85   Thumb Code     4  rf_580.o(.text)
    rf_regs                                  0x20001f99   Thumb Code   226  rf_580.o(.text)
    rf_init_func                             0x2000207f   Thumb Code   138  rf_580.o(.text)
    rf_reinit_func                           0x20002109   Thumb Code   120  rf_580.o(.text)
    lld_sleep_compensate_func_patched        0x20002231   Thumb Code    66  rwble.o(.text)
    skip_slave_latency_patch                 0x20002273   Thumb Code   210  rwble.o(.text)
    power_up                                 0x20002345   Thumb Code    76  rwble.o(.text)
    BLE_WAKEUP_LP_Handler                    0x20002391   Thumb Code   104  rwble.o(.text)
    BLE_SLP_Handler                          0x200023f9   Thumb Code   116  rwble.o(.text)
    BLE_CSCNT_Handler                        0x2000246d   Thumb Code    18  rwble.o(.text)
    BLE_FINETGTIM_Handler                    0x2000247f   Thumb Code    18  rwble.o(.text)
    BLE_RX_Handler                           0x20002491   Thumb Code    14  rwble.o(.text)
    BLE_EVENT_Handler                        0x2000249f   Thumb Code    64  rwble.o(.text)
    BLE_RF_DIAG_Handler                      0x200024df   Thumb Code    82  rwble.o(.text)
    rwip_sleep                               0x20002585   Thumb Code   370  rwip.o(.text)
    prf_register_atthdl2gatt                 0x2000271d   Thumb Code    44  prf_utils.o(.text)
    prf_disc_char_all_send                   0x20002749   Thumb Code    50  prf_utils.o(.text)
    prf_disc_char_desc_send                  0x2000277b   Thumb Code    98  prf_utils.o(.text)
    prf_gatt_write                           0x200027dd   Thumb Code    72  prf_utils.o(.text)
    prf_gatt_write_ntf_ind                   0x20002825   Thumb Code    24  prf_utils.o(.text)
    prf_check_svc_char_desc_validity         0x2000283d   Thumb Code    56  prf_utils.o(.text)
    prf_search_descs                         0x20002875   Thumb Code    66  prf_utils.o(.text)
    prf_client_disable                       0x200028f3   Thumb Code    74  prf_utils.o(.text)
    prf_client_get_env                       0x2000293d   Thumb Code    16  prf_utils.o(.text)
    prf_client_disable_ind_send              0x2000294d   Thumb Code    80  prf_utils.o(.text)
    prf_client_enable                        0x2000299d   Thumb Code    76  prf_utils.o(.text)
    prf_client_reset                         0x200029e9   Thumb Code    80  prf_utils.o(.text)
    prf_client_enable_error                  0x20002a39   Thumb Code    42  prf_utils.o(.text)
    prf_init_func                            0x20002a63   Thumb Code     8  prf_utils.o(.text)
    prf_cleanup_func                         0x20002a6b   Thumb Code    36  prf_utils.o(.text)
    prf_search_chars_128                     0x20002b05   Thumb Code   110  prf_utils_128.o(.text)
    prf_disc_svc_send_128                    0x20002b73   Thumb Code    56  prf_utils_128.o(.text)
    prf_check_svc_char_validity_128          0x20002bab   Thumb Code    68  prf_utils_128.o(.text)
    default_app_on_init                      0x20002bf5   Thumb Code    14  app_default_handlers.o(.text)
    app_prf_enable                           0x20002c25   Thumb Code    98  app.o(.text)
    app_init                                 0x20002d9b   Thumb Code    80  app.o(.text)
    app_easy_gap_confirm                     0x20002deb   Thumb Code    34  app.o(.text)
    app_easy_gap_start_connection_to_set     0x20002e0d   Thumb Code    40  app.o(.text)
    app_easy_gap_start_connection_to         0x20002e35   Thumb Code    18  app.o(.text)
    app_db_init_start                        0x20002e47   Thumb Code    16  app.o(.text)
    app_db_init                              0x20002e57   Thumb Code     2  app.o(.text)
    app_easy_gap_dev_configure               0x20002e59   Thumb Code    18  app.o(.text)
    prf_init_srv_perm                        0x20002e6b   Thumb Code    30  app.o(.text)
    app_gap_process_handler                  0x20002e99   Thumb Code    24  app_task.o(.text)
    gapm_device_ready_ind_handler            0x20002eb1   Thumb Code    36  app_task.o(.text)
    gapm_cmp_evt_handler                     0x20002ed5   Thumb Code   100  app_task.o(.text)
    gapc_connection_req_ind_handler          0x20002f39   Thumb Code    94  app_task.o(.text)
    gapc_cmp_evt_handler                     0x20002f97   Thumb Code    58  app_task.o(.text)
    gapc_disconnect_ind_handler              0x20002fd1   Thumb Code    32  app_task.o(.text)
    app_module_init_cmp_evt_handler          0x20002ff1   Thumb Code    28  app_task.o(.text)
    gapm_adv_report_ind_handler              0x2000300d   Thumb Code    12  app_task.o(.text)
    app_entry_point_handler                  0x20003025   Thumb Code    62  app_entry_point.o(.text)
    app_std_process_event                    0x20003063   Thumb Code    64  app_entry_point.o(.text)
    app_check_BLE_active                     0x200030ad   Thumb Code    38  app_msg_utils.o(.text)
    app_msg_utils_api_process_handler        0x200030d5   Thumb Code    50  app_easy_msg_utils.o(.text)
    app_timer_api_process_handler            0x20003125   Thumb Code   122  app_easy_timer.o(.text)
    app_easy_timer_cancel                    0x2000319f   Thumb Code    72  app_easy_timer.o(.text)
    app_easy_timer                           0x200031e7   Thumb Code    92  app_easy_timer.o(.text)
    GPIO_reservations                        0x20003255   Thumb Code   152  user_periph_setup.o(.text)
    set_pad_functions                        0x200032ed   Thumb Code    68  user_periph_setup.o(.text)
    periph_init                              0x20003331   Thumb Code    54  user_periph_setup.o(.text)
    uart_sps_is_rx_fifo_empty                0x200033bf   Thumb Code    18  uart_sps.o(.text)
    uart_sps_flow_on                         0x200033d1   Thumb Code     8  uart_sps.o(.text)
    uart_sps_flow_off                        0x200033d9   Thumb Code    84  uart_sps.o(.text)
    gpio0_callback                           0x2000342d   Thumb Code    94  uart_sps.o(.text)
    uart_sps_init                            0x2000348b   Thumb Code   186  uart_sps.o(.text)
    uart_sps_get_tx_buffer_size              0x20003545   Thumb Code     6  uart_sps.o(.text)
    uart_sps_read                            0x2000354b   Thumb Code    22  uart_sps.o(.text)
    uart_sps_write                           0x20003561   Thumb Code    22  uart_sps.o(.text)
    uart_sps_register_flow_ctrl_cb           0x20003577   Thumb Code     6  uart_sps.o(.text)
    UART_Handler                             0x2000357d   Thumb Code    86  uart_sps.o(.text)
    uart_sps_fifo_check                      0x200035d3   Thumb Code    36  uart_sps.o(.text)
    sps_client_init                          0x20003659   Thumb Code    20  sps_client.o(.text)
    sps_client_enable_cfm_send               0x2000366d   Thumb Code   154  sps_client.o(.text)
    sps_client_confirm_data_tx               0x20003707   Thumb Code    40  sps_client.o(.text)
    sps_client_indicate_data_rx              0x2000372f   Thumb Code    54  sps_client.o(.text)
    sps_client_indicate_tx_flow_ctrl         0x20003765   Thumb Code    40  sps_client.o(.text)
    spsc_get_next_desc_char_code             0x2000378d   Thumb Code    50  sps_client.o(.text)
    user_main_process_handler                0x20003b2d   Thumb Code    24  user_sps_host.o(.text)
    user_process_catch                       0x20003b45   Thumb Code    46  user_sps_host.o(.text)
    gapc_param_update_req_ind_handler        0x20003b73   Thumb Code    30  user_sps_host.o(.text)
    user_on_connection                       0x20003b91   Thumb Code    64  user_sps_host.o(.text)
    user_on_disconnect                       0x20003bd1   Thumb Code     2  user_sps_host.o(.text)
    user_on_set_dev_config_complete          0x20003bd3   Thumb Code    16  user_sps_host.o(.text)
    user_on_scanning_completed               0x20003be3   Thumb Code    32  user_sps_host.o(.text)
    user_on_adv_report_ind                   0x20003c03   Thumb Code    34  user_sps_host.o(.text)
    user_on_connect_failed                   0x20003c25   Thumb Code    14  user_sps_host.o(.text)
    user_on_init                             0x20003c33   Thumb Code    12  user_sps_host.o(.text)
    user_on_system_powered                   0x20003c3f   Thumb Code    18  user_sps_host.o(.text)
    user_before_sleep                        0x20003c51   Thumb Code     8  user_sps_host.o(.text)
    user_scheduler_init                      0x20003d2f   Thumb Code    86  user_sps_scheduler.o(.text)
    user_ble_push                            0x20003def   Thumb Code    58  user_sps_scheduler.o(.text)
    user_ble_pull                            0x20003e29   Thumb Code   160  user_sps_scheduler.o(.text)
    user_scheduler_reinit                    0x20003ec9   Thumb Code    36  user_sps_scheduler.o(.text)
    user_rwip_sleep_check                    0x20003eed   Thumb Code   108  user_sps_scheduler.o(.text)
    user_sps_sleep_check                     0x20003f59   Thumb Code    78  user_sps_scheduler.o(.text)
    user_sps_sleep_restore                   0x20003fa7   Thumb Code    38  user_sps_scheduler.o(.text)
    user_sps_enable                          0x20003ff1   Thumb Code    28  user_spsc.o(.text)
    user_send_ble_data                       0x2000400d   Thumb Code    42  user_spsc.o(.text)
    user_send_ble_flow_ctrl                  0x20004037   Thumb Code    26  user_spsc.o(.text)
    user_spsc_process_handler                0x20004055   Thumb Code    24  user_spsc_task.o(.text)
    user_sps_client_enable_cfm_handler       0x2000406d   Thumb Code    14  user_spsc_task.o(.text)
    user_sps_client_data_tx_cfm_handler      0x2000407b   Thumb Code    24  user_spsc_task.o(.text)
    user_sps_client_data_rx_ind_handler      0x20004093   Thumb Code    16  user_spsc_task.o(.text)
    user_sps_client_tx_flow_ctrl_ind_handler 0x200040a3   Thumb Code     4  user_spsc_task.o(.text)
    user_buffer_create                       0x200040ad   Thumb Code    56  user_buffer.o(.text)
    user_buffer_initialized                  0x200040e5   Thumb Code    18  user_buffer.o(.text)
    user_buffer_item_count                   0x200040f7   Thumb Code    22  user_buffer.o(.text)
    user_buffer_write_items                  0x2000410d   Thumb Code   116  user_buffer.o(.text)
    user_buffer_read_address                 0x20004181   Thumb Code    62  user_buffer.o(.text)
    user_buffer_release_items                0x200041bf   Thumb Code    54  user_buffer.o(.text)
    user_buffer_write_check                  0x200041f5   Thumb Code   110  user_buffer.o(.text)
    user_buffer_cfm_write                    0x20004263   Thumb Code    48  user_buffer.o(.text)
    user_check_buffer_almost_empty           0x20004293   Thumb Code    32  user_buffer.o(.text)
    user_check_buffer_almost_full            0x200042b3   Thumb Code    30  user_buffer.o(.text)
    __scatterload                            0x200042d1   Thumb Code    28  init.o(.text)
    __scatterload_rt2                        0x200042d1   Thumb Code     0  init.o(.text)
    Long Thumb to Thumb Veneer to memcmp     0x200042f5   Thumb Code    12  anon$$obj.o(Veneer$$Code)
    Long Thumb to Thumb Veneer to __aeabi_memcpy 0x20004301   Thumb Code    12  anon$$obj.o(Veneer$$Code)
    Long Thumb to Thumb Veneer to nvds_get_func 0x2000430d   Thumb Code    12  anon$$obj.o(Veneer$$Code)
    Long Thumb to Thumb Veneer to lld_sleep_check 0x20004319   Thumb Code    12  anon$$obj.o(Veneer$$Code)
    Long Thumb to Thumb Veneer to rwip_prevent_sleep_get 0x20004325   Thumb Code    12  anon$$obj.o(Veneer$$Code)
    Long Thumb to Thumb Veneer to ke_event_get 0x20004331   Thumb Code    12  anon$$obj.o(Veneer$$Code)
    Long Thumb to Thumb Veneer to rwip_schedule 0x2000433d   Thumb Code    12  anon$$obj.o(Veneer$$Code)
    Long Thumb to Thumb Veneer to func_check_mem 0x20004349   Thumb Code    12  anon$$obj.o(Veneer$$Code)
    Long Thumb to Thumb Veneer to test_rxdone 0x20004355   Thumb Code    12  anon$$obj.o(Veneer$$Code)
    Long Thumb to Thumb Veneer to ke_mem_is_empty 0x20004361   Thumb Code    12  anon$$obj.o(Veneer$$Code)
    Long Thumb to Thumb Veneer to rwip_wakeup_delay_set 0x2000436d   Thumb Code    12  anon$$obj.o(Veneer$$Code)
    Long Thumb to Thumb Veneer to $Super$$get_rc16m_count_func 0x20004379   Thumb Code    12  anon$$obj.o(Veneer$$Code)
    Long Thumb to Thumb Veneer to get_rc16m_count 0x20004385   Thumb Code    12  anon$$obj.o(Veneer$$Code)
    Long Thumb to Thumb Veneer to pll_vcocal_LUT_InitUpdate 0x20004391   Thumb Code    12  anon$$obj.o(Veneer$$Code)
    Long Thumb to Thumb Veneer to rf_calibration 0x2000439d   Thumb Code    12  anon$$obj.o(Veneer$$Code)
    Long Thumb to Thumb Veneer to lld_sleep_us_2_lpcycles_func 0x200043a9   Thumb Code    12  anon$$obj.o(Veneer$$Code)
    Long Thumb to Thumb Veneer to lld_sleep_lpcycles_2_us_func 0x200043b5   Thumb Code    12  anon$$obj.o(Veneer$$Code)
    Long Thumb to Thumb Veneer to uart_flow_on 0x200043c1   Thumb Code    12  anon$$obj.o(Veneer$$Code)
    Long Thumb to Thumb Veneer to srand      0x200043cd   Thumb Code    12  anon$$obj.o(Veneer$$Code)
    Long Thumb to Thumb Veneer to set_system_clocks 0x200043d9   Thumb Code    12  anon$$obj.o(Veneer$$Code)
    Long Thumb to Thumb Veneer to nvds_init  0x200043e5   Thumb Code    12  anon$$obj.o(Veneer$$Code)
    Long Thumb to Thumb Veneer to rwip_init  0x200043f1   Thumb Code    12  anon$$obj.o(Veneer$$Code)
    Long Thumb to Thumb Veneer to enable_rf_diag_irq 0x200043fd   Thumb Code    12  anon$$obj.o(Veneer$$Code)
    Long Thumb to Thumb Veneer to platform_reset_func 0x20004409   Thumb Code    12  anon$$obj.o(Veneer$$Code)
    Long Thumb to Thumb Veneer to ke_state_get 0x20004415   Thumb Code    12  anon$$obj.o(Veneer$$Code)
    Long Thumb to Thumb Veneer to __ARM_common_switch8 0x20004421   Thumb Code    12  anon$$obj.o(Veneer$$Code)
    Long Thumb to Thumb Veneer to TASK_LLM_lld_data_ind_handler 0x2000442d   Thumb Code    12  anon$$obj.o(Veneer$$Code)
    Long Thumb to Thumb Veneer to co_buf_rx_free 0x20004439   Thumb Code    12  anon$$obj.o(Veneer$$Code)
    Long Thumb to Thumb Veneer to ke_timer_clear 0x20004445   Thumb Code    12  anon$$obj.o(Veneer$$Code)
    Long Thumb to Thumb Veneer to atts_send_cmd_cmp 0x20004451   Thumb Code    12  anon$$obj.o(Veneer$$Code)
    Long Thumb to Thumb Veneer to ke_state_set 0x2000445d   Thumb Code    12  anon$$obj.o(Veneer$$Code)
    Long Thumb to Thumb Veneer to atts_mtu_exc_resp 0x20004469   Thumb Code    12  anon$$obj.o(Veneer$$Code)
    Long Thumb to Thumb Veneer to atts_find_info_resp 0x20004475   Thumb Code    12  anon$$obj.o(Veneer$$Code)
    Long Thumb to Thumb Veneer to atts_find_by_type_resp 0x20004481   Thumb Code    12  anon$$obj.o(Veneer$$Code)
    Long Thumb to Thumb Veneer to atts_read_by_type_resp 0x2000448d   Thumb Code    12  anon$$obj.o(Veneer$$Code)
    Long Thumb to Thumb Veneer to atts_read_by_grp_type_resp 0x20004499   Thumb Code    12  anon$$obj.o(Veneer$$Code)
    Long Thumb to Thumb Veneer to atts_read_resp 0x200044a5   Thumb Code    12  anon$$obj.o(Veneer$$Code)
    Long Thumb to Thumb Veneer to atts_read_blob_resp 0x200044b1   Thumb Code    12  anon$$obj.o(Veneer$$Code)
    Long Thumb to Thumb Veneer to atts_read_mult_resp 0x200044bd   Thumb Code    12  anon$$obj.o(Veneer$$Code)
    Long Thumb to Thumb Veneer to atts_write_no_resp 0x200044c9   Thumb Code    12  anon$$obj.o(Veneer$$Code)
    Long Thumb to Thumb Veneer to atts_write_resp 0x200044d5   Thumb Code    12  anon$$obj.o(Veneer$$Code)
    Long Thumb to Thumb Veneer to atts_signed_write_resp 0x200044e1   Thumb Code    12  anon$$obj.o(Veneer$$Code)
    Long Thumb to Thumb Veneer to atts_prepare_write_resp 0x200044ed   Thumb Code    12  anon$$obj.o(Veneer$$Code)
    Long Thumb to Thumb Veneer to atts_execute_write_resp 0x200044f9   Thumb Code    12  anon$$obj.o(Veneer$$Code)
    Long Thumb to Thumb Veneer to lld_con_update_ind 0x20004505   Thumb Code    12  anon$$obj.o(Veneer$$Code)
    Long Thumb to Thumb Veneer to __aeabi_uidivmod 0x20004511   Thumb Code    12  anon$$obj.o(Veneer$$Code)
    Long Thumb to Thumb Veneer to llc_util_dicon_procedure 0x2000451d   Thumb Code    12  anon$$obj.o(Veneer$$Code)
    Long Thumb to Thumb Veneer to lld_ch_map_ind 0x20004529   Thumb Code    12  anon$$obj.o(Veneer$$Code)
    Long Thumb to Thumb Veneer to gapm_get_privacy_flag 0x20004535   Thumb Code    12  anon$$obj.o(Veneer$$Code)
    Long Thumb to Thumb Veneer to gapm_set_recon_addr 0x20004541   Thumb Code    12  anon$$obj.o(Veneer$$Code)
    Long Thumb to Thumb Veneer to co_list_pop_front 0x2000454d   Thumb Code    12  anon$$obj.o(Veneer$$Code)
    Long Thumb to Thumb Veneer to ke_task_handler_get 0x20004559   Thumb Code    12  anon$$obj.o(Veneer$$Code)
    Long Thumb to Thumb Veneer to ke_msg_free 0x20004565   Thumb Code    12  anon$$obj.o(Veneer$$Code)
    Long Thumb to Thumb Veneer to co_list_push_back 0x20004571   Thumb Code    12  anon$$obj.o(Veneer$$Code)
    Long Thumb to Thumb Veneer to ke_event_clear 0x2000457d   Thumb Code    12  anon$$obj.o(Veneer$$Code)
    Long Thumb to Thumb Veneer to __aeabi_memclr4 0x20004589   Thumb Code    12  anon$$obj.o(Veneer$$Code)
    Long Thumb to Thumb Veneer to ke_event_callback_set 0x20004595   Thumb Code    12  anon$$obj.o(Veneer$$Code)
    Long Thumb to Thumb Veneer to ke_msg_alloc 0x200045a1   Thumb Code    12  anon$$obj.o(Veneer$$Code)
    Long Thumb to Thumb Veneer to gapc_get_enc_keysize 0x200045ad   Thumb Code    12  anon$$obj.o(Veneer$$Code)
    Long Thumb to Thumb Veneer to gapc_get_role 0x200045b9   Thumb Code    12  anon$$obj.o(Veneer$$Code)
    Long Thumb to Thumb Veneer to ke_msg_send 0x200045c5   Thumb Code    12  anon$$obj.o(Veneer$$Code)
    Long Thumb to Thumb Veneer to smpc_generate_rand 0x200045d1   Thumb Code    12  anon$$obj.o(Veneer$$Code)
    Long Thumb to Thumb Veneer to smpc_tkdp_send_continue 0x200045dd   Thumb Code    12  anon$$obj.o(Veneer$$Code)
    Long Thumb to Thumb Veneer to smpc_pdu_send 0x200045e9   Thumb Code    12  anon$$obj.o(Veneer$$Code)
    Long Thumb to Thumb Veneer to smpc_tkdp_rcp_start 0x200045f5   Thumb Code    12  anon$$obj.o(Veneer$$Code)
    Long Thumb to Thumb Veneer to smpc_pairing_end 0x20004601   Thumb Code    12  anon$$obj.o(Veneer$$Code)
    Long Thumb to Thumb Veneer to smpc_check_max_key_size 0x2000460d   Thumb Code    12  anon$$obj.o(Veneer$$Code)
    Long Thumb to Thumb Veneer to smpc_check_key_distrib 0x20004619   Thumb Code    12  anon$$obj.o(Veneer$$Code)
    Long Thumb to Thumb Veneer to smpc_get_key_sec_prop 0x20004625   Thumb Code    12  anon$$obj.o(Veneer$$Code)
    Long Thumb to Thumb Veneer to smpc_is_sec_mode_reached 0x20004631   Thumb Code    12  anon$$obj.o(Veneer$$Code)
    Long Thumb to Thumb Veneer to llc_le_con_update_cmd_handler 0x2000463d   Thumb Code    12  anon$$obj.o(Veneer$$Code)
    Long Thumb to Thumb Veneer to llm_util_get_role 0x20004649   Thumb Code    12  anon$$obj.o(Veneer$$Code)
    Long Thumb to Thumb Veneer to lld_evt_int_extract 0x20004655   Thumb Code    12  anon$$obj.o(Veneer$$Code)
    Long Thumb to Thumb Veneer to ke_free    0x20004661   Thumb Code    12  anon$$obj.o(Veneer$$Code)
    Long Thumb to Thumb Veneer to lld_stop_ind_handler 0x2000466d   Thumb Code    12  anon$$obj.o(Veneer$$Code)
    Long Thumb to Thumb Veneer to ke_timer_set 0x20004679   Thumb Code    12  anon$$obj.o(Veneer$$Code)
    Long Thumb to Thumb Veneer to llc_start_enc_rsp_pdu_send 0x20004685   Thumb Code    12  anon$$obj.o(Veneer$$Code)
    Long Thumb to Thumb Veneer to llc_common_enc_change_evt_send 0x20004691   Thumb Code    12  anon$$obj.o(Veneer$$Code)
    Long Thumb to Thumb Veneer to __aeabi_llsl 0x2000469d   Thumb Code    12  anon$$obj.o(Veneer$$Code)
    Long Thumb to Thumb Veneer to IffCalibration 0x200046a9   Thumb Code    12  anon$$obj.o(Veneer$$Code)
    Long Thumb to Thumb Veneer to DCoffsetCalibration 0x200046b5   Thumb Code    12  anon$$obj.o(Veneer$$Code)
    Long Thumb to Thumb Veneer to ble_regs_pop 0x200046c1   Thumb Code    12  anon$$obj.o(Veneer$$Code)
    Long Thumb to Thumb Veneer to rwip_wakeup 0x200046cd   Thumb Code    12  anon$$obj.o(Veneer$$Code)
    Long Thumb to Thumb Veneer to rf_workaround_init 0x200046d9   Thumb Code    12  anon$$obj.o(Veneer$$Code)
    Long Thumb to Thumb Veneer to rf_reinit  0x200046e5   Thumb Code    12  anon$$obj.o(Veneer$$Code)
    Long Thumb to Thumb Veneer to $Super$$BLE_CSCNT_Handler 0x200046f1   Thumb Code    12  anon$$obj.o(Veneer$$Code)
    Long Thumb to Thumb Veneer to lld_evt_rx_isr 0x200046fd   Thumb Code    12  anon$$obj.o(Veneer$$Code)
    Long Thumb to Thumb Veneer to lld_evt_end_isr 0x20004709   Thumb Code    12  anon$$obj.o(Veneer$$Code)
    Long Thumb to Thumb Veneer to set_rf_cal_cap 0x20004715   Thumb Code    12  anon$$obj.o(Veneer$$Code)
    Long Thumb to Thumb Veneer to set_gauss_modgain 0x20004721   Thumb Code    12  anon$$obj.o(Veneer$$Code)
    Long Thumb to Thumb Veneer to lld_evt_start_isr 0x2000472d   Thumb Code    12  anon$$obj.o(Veneer$$Code)
    Long Thumb to Thumb Veneer to ke_sleep_check 0x20004739   Thumb Code    12  anon$$obj.o(Veneer$$Code)
    Long Thumb to Thumb Veneer to ke_timer_sleep_check 0x20004745   Thumb Code    12  anon$$obj.o(Veneer$$Code)
    Long Thumb to Thumb Veneer to lld_sleep_enter 0x20004751   Thumb Code    12  anon$$obj.o(Veneer$$Code)
    Long Thumb to Thumb Veneer to ble_regs_push 0x2000475d   Thumb Code    12  anon$$obj.o(Veneer$$Code)
    Long Thumb to Thumb Veneer to attm_uuid_match_16 0x20004769   Thumb Code    12  anon$$obj.o(Veneer$$Code)
    Long Thumb to Thumb Veneer to ke_msg_forward 0x20004775   Thumb Code    12  anon$$obj.o(Veneer$$Code)
    Long Thumb to Thumb Veneer to ke_task_create 0x20004781   Thumb Code    12  anon$$obj.o(Veneer$$Code)
    Long Thumb to Thumb Veneer to gapc_send_disconect_ind 0x2000478d   Thumb Code    12  anon$$obj.o(Veneer$$Code)
    Long Thumb to Thumb Veneer to ke_malloc  0x20004799   Thumb Code    12  anon$$obj.o(Veneer$$Code)
    Long Thumb to Thumb Veneer to __aeabi_memclr 0x200047a5   Thumb Code    12  anon$$obj.o(Veneer$$Code)
    Long Thumb to Thumb Veneer to attm_uuid_match 0x200047b1   Thumb Code    12  anon$$obj.o(Veneer$$Code)
    Long Thumb to Thumb Veneer to nvds_get   0x200047bd   Thumb Code    12  anon$$obj.o(Veneer$$Code)
    Long Thumb to Thumb Veneer to gapc_get_conhdl 0x200047c9   Thumb Code    12  anon$$obj.o(Veneer$$Code)
    Long Thumb to Thumb Veneer to gapc_get_conidx 0x200047d5   Thumb Code    12  anon$$obj.o(Veneer$$Code)
    Long Thumb to Thumb Veneer to __aeabi_idivmod 0x200047e1   Thumb Code    12  anon$$obj.o(Veneer$$Code)
    __scatterload_copy                       0x200047ed   Thumb Code    14  handlers.o(i.__scatterload_copy)
    __scatterload_null                       0x200047fb   Thumb Code     2  handlers.o(i.__scatterload_null)
    __scatterload_zeroinit                   0x200047fd   Thumb Code    14  handlers.o(i.__scatterload_zeroinit)
    LUT_CFG                                  0x2000480a   Data          22  jump_table.o(.constdata)
    my_llc_state_handler                     0x20004ac8   Data         176  llc.obj(.constdata)
    my_llc_default_handler                   0x20004b78   Data           8  llc.obj(.constdata)
    TASK_DESC_LLC                            0x20004b80   Data          16  llc.obj(.constdata)
    prf_funcs                                0x20004bec   Data          12  app.o(.constdata)
    app_default_state                        0x20004c44   Data           8  app_task.o(.constdata)
    app_default_handler                      0x20004c4c   Data           8  app_task.o(.constdata)
    app_process_handlers                     0x20004c58   Data          12  app_entry_point.o(.constdata)
    spsc_sps_char_desc                       0x20004c74   Data           8  sps_client_task.o(.constdata)
    spsc_sps_char                            0x20004c7c   Data          54  sps_client_task.o(.constdata)
    sps_client_connected                     0x20004cb4   Data          24  sps_client_task.o(.constdata)
    sps_client_discovering                   0x20004ccc   Data          24  sps_client_task.o(.constdata)
    sps_client_default_state                 0x20004ce4   Data          24  sps_client_task.o(.constdata)
    sps_client_state_handler                 0x20004cfc   Data          24  sps_client_task.o(.constdata)
    sps_client_default_handler               0x20004d14   Data           8  sps_client_task.o(.constdata)
    user_main_process_handlers               0x20004d1c   Data           8  user_sps_host.o(.constdata)
    user_spss_process_handlers               0x20004d2c   Data          32  user_spsc_task.o(.constdata)
    Region$$Table$$Base                      0x20004d4c   Number         0  anon$$obj.o(Region$$Table)
    Region$$Table$$Limit                     0x20004d7c   Number         0  anon$$obj.o(Region$$Table)
    startup_sleep_delay                      0x20004d7c   Data           4  arch_system.o(.data)
    spsc_envs                                0x20004d80   Data           4  sps_client.o(exchange_mem_case1)
    sps_client_state                         0x20004d84   Data           6  sps_client_task.o(exchange_mem_case1)
    dev_bdaddr                               0x20008000   Data           6  nvds.o(retention_mem_area0)
    sys_startup_flag                         0x20008006   Data           1  arch_main.o(retention_mem_area0)
    sleep_md                                 0x20008007   Data           1  arch_sleep.o(retention_mem_area0)
    sleep_pend                               0x20008008   Data           1  arch_sleep.o(retention_mem_area0)
    sleep_cnt                                0x20008009   Data           1  arch_sleep.o(retention_mem_area0)
    sleep_ext_force                          0x2000800a   Data           1  arch_sleep.o(retention_mem_area0)
    cal_enable                               0x2000800c   Data           1  arch_system.o(retention_mem_area0)
    force_rf_cal                             0x2000800d   Data           1  arch_system.o(retention_mem_area0)
    lp_clk_sel                               0x20008010   Data           4  arch_system.o(retention_mem_area0)
    rcx_freq                                 0x20008014   Data           4  arch_system.o(retention_mem_area0)
    rcx_period                               0x20008018   Data           4  arch_system.o(retention_mem_area0)
    rcx_slot_duration                        0x2000801c   Data           4  arch_system.o(retention_mem_area0)
    alt_evts                                 0x20008020   Data          24  llc.obj(retention_mem_area0)
    arch_rwble_last_event                    0x20008056   Data           1  rwble.o(retention_mem_area0)
    set_boost_low_vbat1v_overhead            0x20008057   Data           1  rwble.o(retention_mem_area0)
    fine_hit                                 0x20008058   Data           1  rwble.o(retention_mem_area0)
    clk_freq_trim_reg_value                  0x2000805a   Data           2  rwble.o(retention_mem_area0)
    wakeup_lp_comp                           0x2000805c   Data           2  rwble.o(retention_mem_area0)
    sleep_lp_cycles                          0x20008060   Data           4  rwip.o(retention_mem_area0)
    slp_period_retained                      0x20008064   Data           4  rwip.o(retention_mem_area0)
    app_env                                  0x20008080   Data          12  app.o(retention_mem_area0)
    app_prf_srv_perm                         0x2000808c   Data          20  app.o(retention_mem_area0)
    app_state                                0x200080a0   Data           1  app_task.o(retention_mem_area0)
    callbackbusy                             0x20008108   Data           1  user_sps_scheduler.o(retention_mem_area0)
    user_sps_sleep_flow_off                  0x20008109   Data           1  user_sps_scheduler.o(retention_mem_area0)
    ble_to_periph_buffer                     0x2000810c   Data          32  user_sps_scheduler.o(retention_mem_area0)
    periph_to_ble_buffer                     0x2000812c   Data          32  user_sps_scheduler.o(retention_mem_area0)
    rwip_heap_non_ret                        0x200087f4   Data        2060  jump_table.o(heap_mem_area_not_ret)
    SystemCoreClock                          0x20009000   Data           0  rom_symdef.txt ABSOLUTE
    error                                    0x20009004   Data           0  rom_symdef.txt ABSOLUTE
    GPIO_status                              0x20009020   Data           8  gpio.o(.bss)
    GPIO                                     0x20009028   Data         160  gpio.o(.bss)
    GPIOHandlerFunction                      0x200090c8   Data          20  gpio.o(.bss)
    callback_function                        0x200090dc   Data           4  systick.o(.bss)
    connection_timer                         0x200090e0   Data           1  user_sps_host.o(.bss)
    __initial_sp                             0x20009800   Data           0  boot_vectors.o(STACK)



==============================================================================

Memory Map of the image

  Image Entry point : 0x20000441

  Load Region LR_IROM1 (Base: 0x20000000, Size: 0x000000a0, Max: 0x00000160, ABSOLUTE)

    Execution Region ER_IROM1 (Base: 0x20000000, Size: 0x000000a0, Max: 0x00000160, ABSOLUTE)

    Base Addr    Size         Type   Attr      Idx    E Section Name        Object

    0x20000000   0x000000a0   Data   RO          198    RESET               boot_vectors.o



  Load Region LR_IROM2 (Base: 0x20000160, Size: 0x00000160, Max: 0x00000160, ABSOLUTE)

    Execution Region ER_IROM2 (Base: 0x20000160, Size: 0x00000160, Max: 0x00000160, ABSOLUTE)

    Base Addr    Size         Type   Attr      Idx    E Section Name        Object

    0x20000160   0x00000160   Data   RO          507    jump_table_mem_area  jump_table.o



  Load Region LR_IROM3 (Base: 0x200002c0, Size: 0x00000064, Max: 0x00000080, ABSOLUTE)

    Execution Region ER_IROM3 (Base: 0x200002c0, Size: 0x00000064, Max: 0x00000080, ABSOLUTE)

    Base Addr    Size         Type   Attr      Idx    E Section Name        Object

    0x200002c0   0x00000064   Data   RO         1322    timeout_table_area  gapm.o



  Load Region LR_IROM4 (Base: 0x20000340, Size: 0x000000a4, Max: 0x00000100, ABSOLUTE)

    Execution Region ER_IROM4 (Base: 0x20000340, Size: 0x000000a4, Max: 0x00000100, ABSOLUTE)

    Base Addr    Size         Type   Attr      Idx    E Section Name        Object

    0x20000340   0x000000a4   Data   RO          260    nvds_data_storage_area  nvds.o



  Load Region LR_IROM5 (Base: 0x20000440, Size: 0x0000494c, Max: 0x000093c0, ABSOLUTE)

    Execution Region ER_IROM5 (Base: 0x20000440, Size: 0x0000494c, Max: 0x00007ac0, ABSOLUTE)

    Base Addr    Size         Type   Attr      Idx    E Section Name        Object

    0x20000440   0x00000000   Code   RO         2395  * .ARM.Collect$$$$00000000  mc_p.l(entry.o)
    0x20000440   0x00000004   Code   RO         2424    .ARM.Collect$$$$00000001  mc_p.l(entry2.o)
    0x20000444   0x00000004   Code   RO         2427    .ARM.Collect$$$$00000004  mc_p.l(entry5.o)
    0x20000448   0x00000000   Code   RO         2429    .ARM.Collect$$$$00000008  mc_p.l(entry7b.o)
    0x20000448   0x00000000   Code   RO         2431    .ARM.Collect$$$$0000000A  mc_p.l(entry8b.o)
    0x20000448   0x00000008   Code   RO         2432    .ARM.Collect$$$$0000000B  mc_p.l(entry9a.o)
    0x20000450   0x00000000   Code   RO         2434    .ARM.Collect$$$$0000000D  mc_p.l(entry10a.o)
    0x20000450   0x00000000   Code   RO         2436    .ARM.Collect$$$$0000000F  mc_p.l(entry11a.o)
    0x20000450   0x00000004   Code   RO         2425    .ARM.Collect$$$$00002712  mc_p.l(entry2.o)
    0x20000454   0x00000050   Code   RO            2    .text               system_armcm0.o
    0x200004a4   0x0000006c   Code   RO          199    .text               boot_vectors.o
    0x20000510   0x00000060   Code   RO          204    .text               hardfault_handler.o
    0x20000570   0x0000009c   Code   RO          226    .text               nmi_handler.o
    0x2000060c   0x000000b8   Code   RO          259    .text               nvds.o
    0x200006c4   0x000001c8   Code   RO          279    .text               arch_main.o
    0x2000088c   0x00000002   Code   RO          501    .text               jump_table.o
    0x2000088e   0x00000002   PAD
    0x20000890   0x000000c4   Code   RO          590    .text               arch_sleep.o
    0x20000954   0x0000035c   Code   RO          642    .text               arch_system.o
    0x20000cb0   0x00000178   Code   RO          758    .text               arch_patch.o
    0x20000e28   0x000000ec   Code   RO          827    .text               atts_task.obj
    0x20000f14   0x000000c4   Code   RO          829    .text               ch_map.obj
    0x20000fd8   0x00000180   Code   RO          831    .text               gapm_util.obj
    0x20001158   0x000000b8   Code   RO          833    .text               ke_task.obj
    0x20001210   0x0000015c   Code   RO          835    .text               smpc.obj
    0x2000136c   0x00000214   Code   RO          837    .text               smpc_task.obj
    0x20001580   0x0000027c   Code   RO          839    .text               llc.obj
    0x200017fc   0x0000002c   Code   RO          863    .text               syscntl.o
    0x20001828   0x00000230   Code   RO          883    .text               gpio.o
    0x20001a58   0x00000048   Code   RO          885    .text               gpio.o
    0x20001aa0   0x0000011c   Code   RO          886    .text               gpio.o
    0x20001bbc   0x00000018   Code   RO          889    .text               gpio.o
    0x20001bd4   0x000000d0   Code   RO          983    .text               adc.o
    0x20001ca4   0x000001b4   Code   RO         1010    .text               trng.o
    0x20001e58   0x00000010   Code   RO         1024    .text               systick.o
    0x20001e68   0x000000dc   Code   RO         1071    .text               uart2.o
    0x20001f44   0x000002ec   Code   RO         1127    .text               rf_580.o
    0x20002230   0x00000354   Code   RO         1173    .text               rwble.o
    0x20002584   0x00000198   Code   RO         1294    .text               rwip.o
    0x2000271c   0x000003e8   Code   RO         1374    .text               prf_utils.o
    0x20002b04   0x000000f0   Code   RO         1451    .text               prf_utils_128.o
    0x20002bf4   0x0000000e   Code   RO         1473    .text               app_default_handlers.o
    0x20002c02   0x00000002   PAD
    0x20002c04   0x00000294   Code   RO         1572    .text               app.o
    0x20002e98   0x0000018c   Code   RO         1757    .text               app_task.o
    0x20003024   0x00000088   Code   RO         1848    .text               app_entry_point.o
    0x200030ac   0x00000026   Code   RO         1869    .text               app_msg_utils.o
    0x200030d2   0x00000002   PAD
    0x200030d4   0x0000004c   Code   RO         1893    .text               app_easy_msg_utils.o
    0x20003120   0x00000002   Code   RO         2087    .text               app_easy_timer.o
    0x20003122   0x00000002   PAD
    0x20003124   0x00000130   Code   RO         2088    .text               app_easy_timer.o
    0x20003254   0x00000120   Code   RO         2124    .text               user_periph_setup.o
    0x20003374   0x000002e4   Code   RO         2149    .text               uart_sps.o
    0x20003658   0x00000174   Code   RO         2176    .text               sps_client.o
    0x200037cc   0x0000032c   Code   RO         2202    .text               sps_client_task.o
    0x20003af8   0x000001ac   Code   RO         2290    .text               user_sps_host.o
    0x20003ca4   0x0000034c   Code   RO         2327    .text               user_sps_scheduler.o
    0x20003ff0   0x00000064   Code   RO         2349    .text               user_spsc.o
    0x20004054   0x00000058   Code   RO         2361    .text               user_spsc_task.o
    0x200040ac   0x00000224   Code   RO         2376    .text               user_buffer.o
    0x200042d0   0x00000024   Code   RO         2440    .text               mc_p.l(init.o)
    0x200042f4   0x0000000c   Ven    RO         2450    Veneer$$Code        anon$$obj.o
    0x20004300   0x0000000c   Ven    RO         2451    Veneer$$Code        anon$$obj.o
    0x2000430c   0x0000000c   Ven    RO         2452    Veneer$$Code        anon$$obj.o
    0x20004318   0x0000000c   Ven    RO         2453    Veneer$$Code        anon$$obj.o
    0x20004324   0x0000000c   Ven    RO         2454    Veneer$$Code        anon$$obj.o
    0x20004330   0x0000000c   Ven    RO         2455    Veneer$$Code        anon$$obj.o
    0x2000433c   0x0000000c   Ven    RO         2456    Veneer$$Code        anon$$obj.o
    0x20004348   0x0000000c   Ven    RO         2457    Veneer$$Code        anon$$obj.o
    0x20004354   0x0000000c   Ven    RO         2458    Veneer$$Code        anon$$obj.o
    0x20004360   0x0000000c   Ven    RO         2459    Veneer$$Code        anon$$obj.o
    0x2000436c   0x0000000c   Ven    RO         2460    Veneer$$Code        anon$$obj.o
    0x20004378   0x0000000c   Ven    RO         2461    Veneer$$Code        anon$$obj.o
    0x20004384   0x0000000c   Ven    RO         2462    Veneer$$Code        anon$$obj.o
    0x20004390   0x0000000c   Ven    RO         2463    Veneer$$Code        anon$$obj.o
    0x2000439c   0x0000000c   Ven    RO         2464    Veneer$$Code        anon$$obj.o
    0x200043a8   0x0000000c   Ven    RO         2465    Veneer$$Code        anon$$obj.o
    0x200043b4   0x0000000c   Ven    RO         2466    Veneer$$Code        anon$$obj.o
    0x200043c0   0x0000000c   Ven    RO         2467    Veneer$$Code        anon$$obj.o
    0x200043cc   0x0000000c   Ven    RO         2468    Veneer$$Code        anon$$obj.o
    0x200043d8   0x0000000c   Ven    RO         2469    Veneer$$Code        anon$$obj.o
    0x200043e4   0x0000000c   Ven    RO         2470    Veneer$$Code        anon$$obj.o
    0x200043f0   0x0000000c   Ven    RO         2471    Veneer$$Code        anon$$obj.o
    0x200043fc   0x0000000c   Ven    RO         2472    Veneer$$Code        anon$$obj.o
    0x20004408   0x0000000c   Ven    RO         2473    Veneer$$Code        anon$$obj.o
    0x20004414   0x0000000c   Ven    RO         2474    Veneer$$Code        anon$$obj.o
    0x20004420   0x0000000c   Ven    RO         2475    Veneer$$Code        anon$$obj.o
    0x2000442c   0x0000000c   Ven    RO         2476    Veneer$$Code        anon$$obj.o
    0x20004438   0x0000000c   Ven    RO         2477    Veneer$$Code        anon$$obj.o
    0x20004444   0x0000000c   Ven    RO         2478    Veneer$$Code        anon$$obj.o
    0x20004450   0x0000000c   Ven    RO         2479    Veneer$$Code        anon$$obj.o
    0x2000445c   0x0000000c   Ven    RO         2480    Veneer$$Code        anon$$obj.o
    0x20004468   0x0000000c   Ven    RO         2481    Veneer$$Code        anon$$obj.o
    0x20004474   0x0000000c   Ven    RO         2482    Veneer$$Code        anon$$obj.o
    0x20004480   0x0000000c   Ven    RO         2483    Veneer$$Code        anon$$obj.o
    0x2000448c   0x0000000c   Ven    RO         2484    Veneer$$Code        anon$$obj.o
    0x20004498   0x0000000c   Ven    RO         2485    Veneer$$Code        anon$$obj.o
    0x200044a4   0x0000000c   Ven    RO         2486    Veneer$$Code        anon$$obj.o
    0x200044b0   0x0000000c   Ven    RO         2487    Veneer$$Code        anon$$obj.o
    0x200044bc   0x0000000c   Ven    RO         2488    Veneer$$Code        anon$$obj.o
    0x200044c8   0x0000000c   Ven    RO         2489    Veneer$$Code        anon$$obj.o
    0x200044d4   0x0000000c   Ven    RO         2490    Veneer$$Code        anon$$obj.o
    0x200044e0   0x0000000c   Ven    RO         2491    Veneer$$Code        anon$$obj.o
    0x200044ec   0x0000000c   Ven    RO         2492    Veneer$$Code        anon$$obj.o
    0x200044f8   0x0000000c   Ven    RO         2493    Veneer$$Code        anon$$obj.o
    0x20004504   0x0000000c   Ven    RO         2494    Veneer$$Code        anon$$obj.o
    0x20004510   0x0000000c   Ven    RO         2495    Veneer$$Code        anon$$obj.o
    0x2000451c   0x0000000c   Ven    RO         2496    Veneer$$Code        anon$$obj.o
    0x20004528   0x0000000c   Ven    RO         2497    Veneer$$Code        anon$$obj.o
    0x20004534   0x0000000c   Ven    RO         2498    Veneer$$Code        anon$$obj.o
    0x20004540   0x0000000c   Ven    RO         2499    Veneer$$Code        anon$$obj.o
    0x2000454c   0x0000000c   Ven    RO         2500    Veneer$$Code        anon$$obj.o
    0x20004558   0x0000000c   Ven    RO         2501    Veneer$$Code        anon$$obj.o
    0x20004564   0x0000000c   Ven    RO         2502    Veneer$$Code        anon$$obj.o
    0x20004570   0x0000000c   Ven    RO         2503    Veneer$$Code        anon$$obj.o
    0x2000457c   0x0000000c   Ven    RO         2504    Veneer$$Code        anon$$obj.o
    0x20004588   0x0000000c   Ven    RO         2505    Veneer$$Code        anon$$obj.o
    0x20004594   0x0000000c   Ven    RO         2506    Veneer$$Code        anon$$obj.o
    0x200045a0   0x0000000c   Ven    RO         2507    Veneer$$Code        anon$$obj.o
    0x200045ac   0x0000000c   Ven    RO         2508    Veneer$$Code        anon$$obj.o
    0x200045b8   0x0000000c   Ven    RO         2509    Veneer$$Code        anon$$obj.o
    0x200045c4   0x0000000c   Ven    RO         2510    Veneer$$Code        anon$$obj.o
    0x200045d0   0x0000000c   Ven    RO         2511    Veneer$$Code        anon$$obj.o
    0x200045dc   0x0000000c   Ven    RO         2512    Veneer$$Code        anon$$obj.o
    0x200045e8   0x0000000c   Ven    RO         2513    Veneer$$Code        anon$$obj.o
    0x200045f4   0x0000000c   Ven    RO         2514    Veneer$$Code        anon$$obj.o
    0x20004600   0x0000000c   Ven    RO         2515    Veneer$$Code        anon$$obj.o
    0x2000460c   0x0000000c   Ven    RO         2516    Veneer$$Code        anon$$obj.o
    0x20004618   0x0000000c   Ven    RO         2517    Veneer$$Code        anon$$obj.o
    0x20004624   0x0000000c   Ven    RO         2518    Veneer$$Code        anon$$obj.o
    0x20004630   0x0000000c   Ven    RO         2519    Veneer$$Code        anon$$obj.o
    0x2000463c   0x0000000c   Ven    RO         2520    Veneer$$Code        anon$$obj.o
    0x20004648   0x0000000c   Ven    RO         2521    Veneer$$Code        anon$$obj.o
    0x20004654   0x0000000c   Ven    RO         2522    Veneer$$Code        anon$$obj.o
    0x20004660   0x0000000c   Ven    RO         2523    Veneer$$Code        anon$$obj.o
    0x2000466c   0x0000000c   Ven    RO         2524    Veneer$$Code        anon$$obj.o
    0x20004678   0x0000000c   Ven    RO         2525    Veneer$$Code        anon$$obj.o
    0x20004684   0x0000000c   Ven    RO         2526    Veneer$$Code        anon$$obj.o
    0x20004690   0x0000000c   Ven    RO         2527    Veneer$$Code        anon$$obj.o
    0x2000469c   0x0000000c   Ven    RO         2528    Veneer$$Code        anon$$obj.o
    0x200046a8   0x0000000c   Ven    RO         2529    Veneer$$Code        anon$$obj.o
    0x200046b4   0x0000000c   Ven    RO         2530    Veneer$$Code        anon$$obj.o
    0x200046c0   0x0000000c   Ven    RO         2531    Veneer$$Code        anon$$obj.o
    0x200046cc   0x0000000c   Ven    RO         2532    Veneer$$Code        anon$$obj.o
    0x200046d8   0x0000000c   Ven    RO         2533    Veneer$$Code        anon$$obj.o
    0x200046e4   0x0000000c   Ven    RO         2534    Veneer$$Code        anon$$obj.o
    0x200046f0   0x0000000c   Ven    RO         2535    Veneer$$Code        anon$$obj.o
    0x200046fc   0x0000000c   Ven    RO         2536    Veneer$$Code        anon$$obj.o
    0x20004708   0x0000000c   Ven    RO         2537    Veneer$$Code        anon$$obj.o
    0x20004714   0x0000000c   Ven    RO         2538    Veneer$$Code        anon$$obj.o
    0x20004720   0x0000000c   Ven    RO         2539    Veneer$$Code        anon$$obj.o
    0x2000472c   0x0000000c   Ven    RO         2540    Veneer$$Code        anon$$obj.o
    0x20004738   0x0000000c   Ven    RO         2541    Veneer$$Code        anon$$obj.o
    0x20004744   0x0000000c   Ven    RO         2542    Veneer$$Code        anon$$obj.o
    0x20004750   0x0000000c   Ven    RO         2543    Veneer$$Code        anon$$obj.o
    0x2000475c   0x0000000c   Ven    RO         2544    Veneer$$Code        anon$$obj.o
    0x20004768   0x0000000c   Ven    RO         2545    Veneer$$Code        anon$$obj.o
    0x20004774   0x0000000c   Ven    RO         2546    Veneer$$Code        anon$$obj.o
    0x20004780   0x0000000c   Ven    RO         2547    Veneer$$Code        anon$$obj.o
    0x2000478c   0x0000000c   Ven    RO         2548    Veneer$$Code        anon$$obj.o
    0x20004798   0x0000000c   Ven    RO         2549    Veneer$$Code        anon$$obj.o
    0x200047a4   0x0000000c   Ven    RO         2550    Veneer$$Code        anon$$obj.o
    0x200047b0   0x0000000c   Ven    RO         2551    Veneer$$Code        anon$$obj.o
    0x200047bc   0x0000000c   Ven    RO         2552    Veneer$$Code        anon$$obj.o
    0x200047c8   0x0000000c   Ven    RO         2553    Veneer$$Code        anon$$obj.o
    0x200047d4   0x0000000c   Ven    RO         2554    Veneer$$Code        anon$$obj.o
    0x200047e0   0x0000000c   Ven    RO         2555    Veneer$$Code        anon$$obj.o
    0x200047ec   0x0000000e   Code   RO         2444    i.__scatterload_copy  mc_p.l(handlers.o)
    0x200047fa   0x00000002   Code   RO         2445    i.__scatterload_null  mc_p.l(handlers.o)
    0x200047fc   0x0000000e   Code   RO         2446    i.__scatterload_zeroinit  mc_p.l(handlers.o)
    0x2000480a   0x00000016   Data   RO          502    .constdata          jump_table.o
    0x20004820   0x00000130   Data   RO          759    .constdata          arch_patch.o
    0x20004950   0x00000008   Data   RO          760    .constdata          arch_patch.o
    0x20004958   0x00000030   Data   RO          761    .constdata          arch_patch.o
    0x20004988   0x00000130   Data   RO          840    .constdata          llc.obj
    0x20004ab8   0x00000010   Data   RO          841    .constdata          llc.obj
    0x20004ac8   0x000000b0   Data   RO          842    .constdata          llc.obj
    0x20004b78   0x00000008   Data   RO          843    .constdata          llc.obj
    0x20004b80   0x00000010   Data   RO          844    .constdata          llc.obj
    0x20004b90   0x00000008   Data   RO          891    .constdata          gpio.o
    0x20004b98   0x00000070   Data   RO         1599    .constdata          app.o
    0x20004c08   0x0000003c   Data   RO         1759    .constdata          app_task.o
    0x20004c44   0x00000008   Data   RO         1760    .constdata          app_task.o
    0x20004c4c   0x00000008   Data   RO         1761    .constdata          app_task.o
    0x20004c54   0x00000010   Data   RO         1849    .constdata          app_entry_point.o
    0x20004c64   0x00000010   Data   RO         2177    .constdata          sps_client.o
    0x20004c74   0x0000003e   Data   RO         2203    .constdata          sps_client_task.o
    0x20004cb2   0x00000002   PAD
    0x20004cb4   0x00000018   Data   RO         2204    .constdata          sps_client_task.o
    0x20004ccc   0x00000018   Data   RO         2205    .constdata          sps_client_task.o
    0x20004ce4   0x00000018   Data   RO         2206    .constdata          sps_client_task.o
    0x20004cfc   0x00000018   Data   RO         2207    .constdata          sps_client_task.o
    0x20004d14   0x00000008   Data   RO         2208    .constdata          sps_client_task.o
    0x20004d1c   0x00000010   Data   RO         2294    .constdata          user_sps_host.o
    0x20004d2c   0x00000020   Data   RO         2362    .constdata          user_spsc_task.o
    0x20004d4c   0x00000030   Data   RO         2442    Region$$Table       anon$$obj.o
    0x20004d7c   0x00000004   Data   RW          648    .data               arch_system.o
    0x20004d80   0x00000004   Data   RW         2178    exchange_mem_case1  sps_client.o
    0x20004d84   0x00000006   Data   RW         2209    exchange_mem_case1  sps_client_task.o


    Execution Region RW_IRAM50 (Base: 0x20008000, Size: 0x0000014c, Max: 0x000007f4, ABSOLUTE)

    Base Addr    Size         Type   Attr      Idx    E Section Name        Object

    0x20008000   0x00000006   Zero   RW          261    retention_mem_area0  nvds.o
    0x20008006   0x00000001   Zero   RW          282    retention_mem_area0  arch_main.o
    0x20008007   0x00000004   Zero   RW          596    retention_mem_area0  arch_sleep.o
    0x2000800b   0x00000001   PAD
    0x2000800c   0x00000014   Zero   RW          649    retention_mem_area0  arch_system.o
    0x20008020   0x00000018   Zero   RW          845    retention_mem_area0  llc.obj
    0x20008038   0x0000001c   Zero   RW         1078    retention_mem_area0  uart2.o
    0x20008054   0x00000001   Zero   RW         1131    retention_mem_area0  rf_580.o
    0x20008055   0x00000001   PAD
    0x20008056   0x00000008   Zero   RW         1176    retention_mem_area0  rwble.o
    0x2000805e   0x00000002   PAD
    0x20008060   0x00000004   Zero   RW         1295    retention_mem_area0  rwip.o
    0x20008064   0x00000004   Zero   RW         1296    retention_mem_area0  rwip.o
    0x20008068   0x00000038   Zero   RW         1602    retention_mem_area0  app.o
    0x200080a0   0x00000001   Zero   RW         1762    retention_mem_area0  app_task.o
    0x200080a1   0x00000003   PAD
    0x200080a4   0x00000018   Zero   RW         1894    retention_mem_area0  app_easy_msg_utils.o
    0x200080bc   0x00000028   Zero   RW         2092    retention_mem_area0  app_easy_timer.o
    0x200080e4   0x00000024   Zero   RW         2151    retention_mem_area0  uart_sps.o
    0x20008108   0x00000044   Zero   RW         2329    retention_mem_area0  user_sps_scheduler.o


    Execution Region RW_IRAM51 (Base: 0x200087f4, Size: 0x0000080c, Max: 0x0000080c, ABSOLUTE, UNINIT)

    Base Addr    Size         Type   Attr      Idx    E Section Name        Object

    0x200087f4   0x0000080c   Zero   RW          505    heap_mem_area_not_ret  jump_table.o


    Execution Region RW_IRAM52 (Base: 0x20009000, Size: 0x00000020, Max: 0x00000020, ABSOLUTE)

    Base Addr    Size         Type   Attr      Idx    E Section Name        Object

    0x20009000   0x00000020   Zero   RW            1    RW_IRAM52.bss       anon$$obj.o


    Execution Region RW_IRAM53 (Base: 0x20009020, Size: 0x000000c8, Max: 0x000001e0, ABSOLUTE)

    Base Addr    Size         Type   Attr      Idx    E Section Name        Object

    0x20009020   0x000000bc   Zero   RW          890    .bss                gpio.o
    0x200090dc   0x00000004   Zero   RW         1029    .bss                systick.o
    0x200090e0   0x00000001   Zero   RW         2291    .bss                user_sps_host.o
    0x200090e1   0x00000001   PAD
    0x200090e2   0x00000006   Zero   RW         2328    .bss                user_sps_scheduler.o


    Execution Region RW_IRAM54 (Base: 0x20009200, Size: 0x00000600, Max: 0x00000600, ABSOLUTE, UNINIT)

    Base Addr    Size         Type   Attr      Idx    E Section Name        Object

    0x20009200   0x00000600   Zero   RW          196    STACK               boot_vectors.o



  Load Region LR_RETENTION_RAM2 (Base: 0x00080768, Size: 0x00000000, Max: 0x00002898, ABSOLUTE)

    Execution Region ZI_RET20 (Base: 0x00080768, Size: 0x000010a8, Max: 0x000022b8, ABSOLUTE, UNINIT)

    Base Addr    Size         Type   Attr      Idx    E Section Name        Object

    0x00080768   0x00000600   Zero   RW          503    heap_db_area        jump_table.o
    0x00080d68   0x0000029c   Zero   RW          504    heap_env_area       jump_table.o
    0x00081004   0x0000080c   Zero   RW          506    heap_msg_area       jump_table.o


    Execution Region ZI_RET21 (Base: 0x00082a20, Size: 0x000005e0, Max: 0x000005e0, ABSOLUTE)

    Base Addr    Size         Type   Attr      Idx    E Section Name        Object

    0x00082a20   0x000005de   Zero   RW          281    BLE_exchange_memory  arch_main.o


==============================================================================

Image component sizes


      Code (inc. data)   RO Data    RW Data    ZI Data      Debug   Object Name

       208         14          0          0          0       2087   adc.o
       660         16        112          0         56      16496   app.o
        14          0          0          0          0       1421   app_default_handlers.o
        76          8          0          0         24       2921   app_easy_msg_utils.o
       306         18          0          0         40       4745   app_easy_timer.o
       136         10         16          0          0       4047   app_entry_point.o
        38          0          0          0          0       1479   app_msg_utils.o
       396         12         76          0          1      12356   app_task.o
       456         34          0          0       1503      21047   arch_main.o
       376         94        360          0          0      14838   arch_patch.o
       196         16          0          0          4       4349   arch_sleep.o
       860         70          0          4         20      98049   arch_system.o
       236         18          0          0          0         72   atts_task.obj
       108         22        160          0       1536        812   boot_vectors.o
       196         12          0          0          0        108   ch_map.obj
         0          0        100          0          0       1376   gapm.o
       384         38          0          0          0        112   gapm_util.obj
       940         58          8          0        188      14660   gpio.o
        96         10          0          0          0        721   hardfault_handler.o
         2          0        374          0       6324       4963   jump_table.o
       184         18          0          0          0         96   ke_task.obj
       636         24        520          0         24        324   llc.obj
       156         16          0          0          0       7331   nmi_handler.o
       184         28        164          0          6       2504   nvds.o
      1000          8          0          0          0      10858   prf_utils.o
       240          6          0          0          0       3861   prf_utils_128.o
       748        176          0          0          1      65741   rf_580.o
       852         70          0          0          8     117476   rwble.o
       408         38          0          0          8      65784   rwip.o
       348         24          0          0          0        160   smpc.obj
       532          4          0          0          0         84   smpc_task.obj
       372         14         16          4          0       7461   sps_client.o
       812         30        166          6          0      22806   sps_client_task.o
        44          0          0          0          0        741   syscntl.o
        80         18          0          0          0     187844   system_armcm0.o
        16          4          0          0          4       1436   systick.o
       436         32          0          0          0       3403   trng.o
       220          8          0          0         28      22760   uart2.o
       740         24          0          0         36      20593   uart_sps.o
       548          0          0          0          0       5708   user_buffer.o
       288         14          0          0          0       2698   user_periph_setup.o
       428         50         16          0          1      12891   user_sps_host.o
       844         36          0          0         74       5487   user_sps_scheduler.o
       100          4          0          0          0       1649   user_spsc.o
        88          6         32          0          0       3005   user_spsc_task.o

    ----------------------------------------------------------------------
     17268       1526       2170         16       9928     779360   Object Totals
      1272        424         48          0         32          0   (incl. Generated)
         8          0          2          2         10          0   (incl. Padding)

    ----------------------------------------------------------------------

      Code (inc. data)   RO Data    RW Data    ZI Data      Debug   Library Member Name

         0          0          0          0          0          0   entry.o
         0          0          0          0          0          0   entry10a.o
         0          0          0          0          0          0   entry11a.o
         8          4          0          0          0          0   entry2.o
         4          0          0          0          0          0   entry5.o
         0          0          0          0          0          0   entry7b.o
         0          0          0          0          0          0   entry8b.o
         8          4          0          0          0          0   entry9a.o
        30          0          0          0          0          0   handlers.o
        36          8          0          0          0         68   init.o

    ----------------------------------------------------------------------
        86         16          0          0          0         68   Library Totals
         0          0          0          0          0          0   (incl. Padding)

    ----------------------------------------------------------------------

      Code (inc. data)   RO Data    RW Data    ZI Data      Debug   Library Name

        86         16          0          0          0         68   mc_p.l

    ----------------------------------------------------------------------
        86         16          0          0          0         68   Library Totals

    ----------------------------------------------------------------------

==============================================================================


      Code (inc. data)   RO Data    RW Data    ZI Data      Debug   

     17354       1542       2170         16       9928     776544   Grand Totals
     17354       1542       2170         16       9928     776544   ELF Image Totals
     17354       1542       2170         16          0          0   ROM Totals

==============================================================================

    Total RO  Size (Code + RO Data)                19524 (  19.07kB)
    Total RW  Size (RW Data + ZI Data)              9944 (   9.71kB)
    Total ROM Size (Code + RO Data + RW Data)      19540 (  19.08kB)

==============================================================================

